Archive member included to satisfy reference by file (symbol)

../Middlewares/ST/AI/Lib\NetworkRuntime1020_CM4_GCC.a(ai_platform.o)
                              ./X-CUBE-AI/App/network.o (ai_buffer_array_item_set_address)
../Middlewares/ST/AI/Lib\NetworkRuntime1020_CM4_GCC.a(ai_platform_interface.o)
                              ./X-CUBE-AI/App/network.o (ai_platform_get_weights_map)
../Middlewares/ST/AI/Lib\NetworkRuntime1020_CM4_GCC.a(core_common.o)
                              ../Middlewares/ST/AI/Lib\NetworkRuntime1020_CM4_GCC.a(ai_platform_interface.o) (core_init)
../Middlewares/ST/AI/Lib\NetworkRuntime1020_CM4_GCC.a(core_convert.o)
                              ./X-CUBE-AI/App/network.o (node_convert_integer)
../Middlewares/ST/AI/Lib\NetworkRuntime1020_CM4_GCC.a(core_mem_manager.o)
                              ../Middlewares/ST/AI/Lib\NetworkRuntime1020_CM4_GCC.a(ai_platform_interface.o) (core_mem_alloc)
../Middlewares/ST/AI/Lib\NetworkRuntime1020_CM4_GCC.a(layers.o)
                              ../Middlewares/ST/AI/Lib\NetworkRuntime1020_CM4_GCC.a(ai_platform_interface.o) (ai_check_custom_types)
../Middlewares/ST/AI/Lib\NetworkRuntime1020_CM4_GCC.a(layers_conv2d_stm32_integer.o)
                              ./X-CUBE-AI/App/network.o (forward_dense_integer_SSSA_ch)
../Middlewares/ST/AI/Lib\NetworkRuntime1020_CM4_GCC.a(layers_dw_sssa8_ch.o)
                              ./X-CUBE-AI/App/network.o (forward_dw_sssa8_ch)
../Middlewares/ST/AI/Lib\NetworkRuntime1020_CM4_GCC.a(layers_pool_stm32_integer.o)
                              ./X-CUBE-AI/App/network.o (forward_mp_integer_INT8)
../Middlewares/ST/AI/Lib\NetworkRuntime1020_CM4_GCC.a(layers_pw_sssa8_ch.o)
                              ./X-CUBE-AI/App/network.o (forward_pw_sssa8_ch)
../Middlewares/ST/AI/Lib\NetworkRuntime1020_CM4_GCC.a(layers_conv2d_integer_scratch.o)
                              ../Middlewares/ST/AI/Lib\NetworkRuntime1020_CM4_GCC.a(layers.o) (get_dense_scratch_size_s8)
../Middlewares/ST/AI/Lib\NetworkRuntime1020_CM4_GCC.a(forward_lite_convert.o)
                              ../Middlewares/ST/AI/Lib\NetworkRuntime1020_CM4_GCC.a(core_convert.o) (forward_lite_node_convert_is1os8)
../Middlewares/ST/AI/Lib\NetworkRuntime1020_CM4_GCC.a(forward_lite_dense_is8os8ws8_ch.o)
                              ../Middlewares/ST/AI/Lib\NetworkRuntime1020_CM4_GCC.a(layers_conv2d_stm32_integer.o) (forward_lite_dense_is8os8ws8_ch)
../Middlewares/ST/AI/Lib\NetworkRuntime1020_CM4_GCC.a(forward_lite_dense_is8os8ws8.o)
                              ../Middlewares/ST/AI/Lib\NetworkRuntime1020_CM4_GCC.a(layers_conv2d_stm32_integer.o) (forward_lite_dense_is8os8ws8)
../Middlewares/ST/AI/Lib\NetworkRuntime1020_CM4_GCC.a(forward_lite_maxpool_is8os8_scalepos.o)
                              ../Middlewares/ST/AI/Lib\NetworkRuntime1020_CM4_GCC.a(layers_pool_stm32_integer.o) (forward_lite_maxpool_is8os8_scalepos)
../Middlewares/ST/AI/Lib\NetworkRuntime1020_CM4_GCC.a(forward_lite_avepool_is8os8.o)
                              ../Middlewares/ST/AI/Lib\NetworkRuntime1020_CM4_GCC.a(layers_pool_stm32_integer.o) (forward_lite_avepool_is8os8)
../Middlewares/ST/AI/Lib\NetworkRuntime1020_CM4_GCC.a(forward_lite_dw_sssa8_ch.o)
                              ../Middlewares/ST/AI/Lib\NetworkRuntime1020_CM4_GCC.a(layers_dw_sssa8_ch.o) (st_dw_sssa8_ch_Wadapt)
../Middlewares/ST/AI/Lib\NetworkRuntime1020_CM4_GCC.a(forward_lite_pw_sssa8_ch.o)
                              ../Middlewares/ST/AI/Lib\NetworkRuntime1020_CM4_GCC.a(layers_pw_sssa8_ch.o) (forward_lite_pw_sssa8_ch)
../Middlewares/ST/AI/Lib\NetworkRuntime1020_CM4_GCC.a(lite_convert_kernel.o)
                              ../Middlewares/ST/AI/Lib\NetworkRuntime1020_CM4_GCC.a(forward_lite_convert.o) (lite_convert_is8of32)
../Middlewares/ST/AI/Lib\NetworkRuntime1020_CM4_GCC.a(forward_lite_maxpool_is16os16.o)
                              ../Middlewares/ST/AI/Lib\NetworkRuntime1020_CM4_GCC.a(layers_pool_stm32_integer.o) (forward_lite_maxpool_is16os16_scalepos)
../Middlewares/ST/AI/Lib\NetworkRuntime1020_CM4_GCC.a(forward_lite_maxpool_is8os8.o)
                              ../Middlewares/ST/AI/Lib\NetworkRuntime1020_CM4_GCC.a(layers_pool_stm32_integer.o) (forward_lite_maxpool_is8os8_scaleneg)
../Middlewares/ST/AI/Lib\NetworkRuntime1020_CM4_GCC.a(forward_lite_maxpool_iu16ou16.o)
                              ../Middlewares/ST/AI/Lib\NetworkRuntime1020_CM4_GCC.a(layers_pool_stm32_integer.o) (forward_lite_maxpool_iu16ou16_scalepos)
../Middlewares/ST/AI/Lib\NetworkRuntime1020_CM4_GCC.a(forward_lite_maxpool_iu8ou8.o)
                              ../Middlewares/ST/AI/Lib\NetworkRuntime1020_CM4_GCC.a(layers_pool_stm32_integer.o) (forward_lite_maxpool_iu8ou8_scalepos)
../Middlewares/ST/AI/Lib\NetworkRuntime1020_CM4_GCC.a(st_align_factor.o)
                              ../Middlewares/ST/AI/Lib\NetworkRuntime1020_CM4_GCC.a(layers_conv2d_stm32_integer.o) (align_factor)
[...]
Memory Configuration

Name             Origin             Length             Attributes
RAM              0x20000000         0x00020000         xrw
FLASH            0x08000000         0x00080000         xr
*default*        0x00000000         0xffffffff

Linker script and memory map

LOAD C:/ST/STM32CubeIDE_1.18.1/STM32CubeIDE/plugins/com.st.stm32cube.ide.mcu.externaltools.gnu-tools-for-stm32.13.3.rel1.win32_1.0.0.202411081344/tools/bin/../lib/gcc/arm-none-eabi/13.3.1/thumb/v7e-m+fp/hard/crti.o
LOAD C:/ST/STM32CubeIDE_1.18.1/STM32CubeIDE/plugins/com.st.stm32cube.ide.mcu.externaltools.gnu-tools-for-stm32.13.3.rel1.win32_1.0.0.202411081344/tools/bin/../lib/gcc/arm-none-eabi/13.3.1/thumb/v7e-m+fp/hard/crtbegin.o
LOAD C:/ST/STM32CubeIDE_1.18.1/STM32CubeIDE/plugins/com.st.stm32cube.ide.mcu.externaltools.gnu-tools-for-stm32.13.3.rel1.win32_1.0.0.202411081344/tools/bin/../lib/gcc/arm-none-eabi/13.3.1/../../../../arm-none-eabi/lib/thumb/v7e-m+fp/hard/crt0.o
LOAD ./Core/Src/accelerometer.o
LOAD ./Core/Src/main.o
LOAD ./Core/Src/stm32f4xx_hal_msp.o
LOAD ./Core/Src/stm32f4xx_it.o
LOAD ./Core/Src/sysmem.o
LOAD ./Core/Src/system_stm32f4xx.o
LOAD ./Core/Src/uart.o
LOAD ./Core/Src/workout_inference.o
LOAD ./Core/Startup/startup_stm32f411vetx.o
LOAD ./Drivers/STM32F4xx_HAL_Driver/Src/stm32f4xx_hal.o
LOAD ./Drivers/STM32F4xx_HAL_Driver/Src/stm32f4xx_hal_cortex.o
LOAD ./Drivers/STM32F4xx_HAL_Driver/Src/stm32f4xx_hal_dma.o
LOAD ./Drivers/STM32F4xx_HAL_Driver/Src/stm32f4xx_hal_dma_ex.o
LOAD ./Drivers/STM32F4xx_HAL_Driver/Src/stm32f4xx_hal_exti.o
LOAD ./Drivers/STM32F4xx_HAL_Driver/Src/stm32f4xx_hal_flash.o
LOAD ./Drivers/STM32F4xx_HAL_Driver/Src/stm32f4xx_hal_flash_ex.o
LOAD ./Drivers/STM32F4xx_HAL_Driver/Src/stm32f4xx_hal_flash_ramfunc.o
LOAD ./Drivers/STM32F4xx_HAL_Driver/Src/stm32f4xx_hal_gpio.o
LOAD ./Drivers/STM32F4xx_HAL_Driver/Src/stm32f4xx_hal_hcd.o
LOAD ./Drivers/STM32F4xx_HAL_Driver/Src/stm32f4xx_hal_i2c.o
LOAD ./Drivers/STM32F4xx_HAL_Driver/Src/stm32f4xx_hal_i2c_ex.o
LOAD ./Drivers/STM32F4xx_HAL_Driver/Src/stm32f4xx_hal_i2s.o
LOAD ./Drivers/STM32F4xx_HAL_Driver/Src/stm32f4xx_hal_i2s_ex.o
LOAD ./Drivers/STM32F4xx_HAL_Driver/Src/stm32f4xx_hal_pwr.o
LOAD ./Drivers/STM32F4xx_HAL_Driver/Src/stm32f4xx_hal_pwr_ex.o
LOAD ./Drivers/STM32F4xx_HAL_Driver/Src/stm32f4xx_hal_rcc.o
LOAD ./Drivers/STM32F4xx_HAL_Driver/Src/stm32f4xx_hal_rcc_ex.o
LOAD ./Drivers/STM32F4xx_HAL_Driver/Src/stm32f4xx_hal_spi.o
LOAD ./Drivers/STM32F4xx_HAL_Driver/Src/stm32f4xx_ll_usb.o
LOAD ./Middlewares/ST/STM32_USB_Host_Library/Class/CDC/Src/usbh_cdc.o
LOAD ./Middlewares/ST/STM32_USB_Host_Library/Core/Src/usbh_core.o
LOAD ./Middlewares/ST/STM32_USB_Host_Library/Core/Src/usbh_ctlreq.o
LOAD ./Middlewares/ST/STM32_USB_Host_Library/Core/Src/usbh_ioreq.o
LOAD ./Middlewares/ST/STM32_USB_Host_Library/Core/Src/usbh_pipes.o
LOAD ./USB_HOST/App/usb_host.o
LOAD ./USB_HOST/Target/usbh_conf.o
LOAD ./USB_HOST/Target/usbh_platform.o
LOAD ./X-CUBE-AI/App/network.o
LOAD ./X-CUBE-AI/App/network_data.o
LOAD ./X-CUBE-AI/App/network_data_params.o
LOAD ../Middlewares/ST/AI/Lib\NetworkRuntime1020_CM4_GCC.a
START GROUP
LOAD C:/ST/STM32CubeIDE_1.18.1/STM32CubeIDE/plugins/com.st.stm32cube.ide.mcu.externaltools.gnu-tools-for-stm32.13.3.rel1.win32_1.0.0.202411081344/tools/bin/../lib/gcc/arm-none-eabi/13.3.1/../../../../arm-none-eabi/lib/thumb/v7e-m+fp/hard\libc_nano.a
LOAD C:/ST/STM32CubeIDE_1.18.1/STM32CubeIDE/plugins/com.st.stm32cube.ide.mcu.externaltools.gnu-tools-for-stm32.13.3.rel1.win32_1.0.0.202411081344/tools/bin/../lib/gcc/arm-none-eabi/13.3.1/../../../../arm-none-eabi/lib/thumb/v7e-m+fp/hard\libm.a
END GROUP
START GROUP
LOAD C:/ST/STM32CubeIDE_1.18.1/STM32CubeIDE/plugins/com.st.stm32cube.ide.mcu.externaltools.gnu-tools-for-stm32.13.3.rel1.win32_1.0.0.202411081344/tools/bin/../lib/gcc/arm-none-eabi/13.3.1/thumb/v7e-m+fp/hard\libgcc.a
LOAD C:/ST/STM32CubeIDE_1.18.1/STM32CubeIDE/plugins/com.st.stm32cube.ide.mcu.externaltools.gnu-tools-for-stm32.13.3.rel1.win32_1.0.0.202411081344/tools/bin/../lib/gcc/arm-none-eabi/13.3.1/../../../../arm-none-eabi/lib/thumb/v7e-m+fp/hard\libc_nano.a
END GROUP
START GROUP
LOAD C:/ST/STM32CubeIDE_1.18.1/STM32CubeIDE/plugins/com.st.stm32cube.ide.mcu.externaltools.gnu-tools-for-stm32.13.3.rel1.win32_1.0.0.202411081344/tools/bin/../lib/gcc/arm-none-eabi/13.3.1/thumb/v7e-m+fp/hard\libgcc.a
LOAD C:/ST/STM32CubeIDE_1.18.1/STM32CubeIDE/plugins/com.st.stm32cube.ide.mcu.externaltools.gnu-tools-for-stm32.13.3.rel1.win32_1.0.0.202411081344/tools/bin/../lib/gcc/arm-none-eabi/13.3.1/../../../../arm-none-eabi/lib/thumb/v7e-m+fp/hard\libc_nano.a
LOAD C:/ST/STM32CubeIDE_1.18.1/STM32CubeIDE/plugins/com.st.stm32cube.ide.mcu.externaltools.gnu-tools-for-stm32.13.3.rel1.win32_1.0.0.202411081344/tools/bin/../lib/gcc/arm-none-eabi/13.3.1/../../../../arm-none-eabi/lib/thumb/v7e-m+fp/hard\libnosys.a
END GROUP
START GROUP
LOAD C:/ST/STM32CubeIDE_1.18.1/STM32CubeIDE/plugins/com.st.stm32cube.ide.mcu.externaltools.gnu-tools-for-stm32.13.3.rel1.win32_1.0.0.202411081344/tools/bin/../lib/gcc/arm-none-eabi/13.3.1/thumb/v7e-m+fp/hard\libgcc.a
LOAD C:/ST/STM32CubeIDE_1.18.1/STM32CubeIDE/plugins/com.st.stm32cube.ide.mcu.externaltools.gnu-tools-for-stm32.13.3.rel1.win32_1.0.0.202411081344/tools/bin/../lib/gcc/arm-none-eabi/13.3.1/../../../../arm-none-eabi/lib/thumb/v7e-m+fp/hard\libc_nano.a
LOAD C:/ST/STM32CubeIDE_1.18.1/STM32CubeIDE/plugins/com.st.stm32cube.ide.mcu.externaltools.gnu-tools-for-stm32.13.3.rel1.win32_1.0.0.202411081344/tools/bin/../lib/gcc/arm-none-eabi/13.3.1/../../../../arm-none-eabi/lib/thumb/v7e-m+fp/hard\libnosys.a
END GROUP
LOAD C:/ST/STM32CubeIDE_1.18.1/STM32CubeIDE/plugins/com.st.stm32cube.ide.mcu.externaltools.gnu-tools-for-stm32.13.3.rel1.win32_1.0.0.202411081344/tools/bin/../lib/gcc/arm-none-eabi/13.3.1/thumb/v7e-m+fp/hard/crtend.o
LOAD C:/ST/STM32CubeIDE_1.18.1/STM32CubeIDE/plugins/com.st.stm32cube.ide.mcu.externaltools.gnu-tools-for-stm32.13.3.rel1.win32_1.0.0.202411081344/tools/bin/../lib/gcc/arm-none-eabi/13.3.1/thumb/v7e-m+fp/hard/crtn.o
                0x20020000                        _estack = (ORIGIN (RAM) + LENGTH (RAM))
                0x00000800                        _Min_Heap_Size = 0x800
                0x00000800                        _Min_Stack_Size = 0x800

.isr_vector     0x08000000      0x198
                0x08000000                        . = ALIGN (0x4)
 *(.isr_vector)
 .isr_vector    0x08000000      0x198 ./Core/Startup/startup_stm32f411vetx.o
                0x08000000                g_pfnVectors
                0x08000198                        . = ALIGN (0x4)

.text           0x080001a0     0xd5e0
                0x080001a0                        . = ALIGN (0x4)
 *(.text)
 .text          0x080001a0       0x40 C:/ST/STM32CubeIDE_1.18.1/STM32CubeIDE/plugins/com.st.stm32cube.ide.mcu.externaltools.gnu-tools-for-stm32.13.3.rel1.win32_1.0.0.202411081344/tools/bin/../lib/gcc/arm-none-eabi/13.3.1/thumb/v7e-m+fp/hard/crtbegin.o
 .text          0x080001e0       0xa0 C:/ST/STM32CubeIDE_1.18.1/STM32CubeIDE/plugins/com.st.stm32cube.ide.mcu.externaltools.gnu-tools-for-stm32.13.3.rel1.win32_1.0.0.202411081344/tools/bin/../lib/gcc/arm-none-eabi/13.3.1/../../../../arm-none-eabi/lib/thumb/v7e-m+fp/hard\libc_nano.a(libc_a-memchr.o)
                0x080001e0                memchr
 .text          0x08000280       0x10 C:/ST/STM32CubeIDE_1.18.1/STM32CubeIDE/plugins/com.st.stm32cube.ide.mcu.externaltools.gnu-tools-for-stm32.13.3.rel1.win32_1.0.0.202411081344/tools/bin/../lib/gcc/arm-none-eabi/13.3.1/../../../../arm-none-eabi/lib/thumb/v7e-m+fp/hard\libc_nano.a(libc_a-strlen.o)
                0x08000280                strlen
 .text          0x08000290      0x378 C:/ST/STM32CubeIDE_1.18.1/STM32CubeIDE/plugins/com.st.stm32cube.ide.mcu.externaltools.gnu-tools-for-stm32.13.3.rel1.win32_1.0.0.202411081344/tools/bin/../lib/gcc/arm-none-eabi/13.3.1/thumb/v7e-m+fp/hard\libgcc.a(_arm_addsubdf3.o)
                0x08000290                __aeabi_drsub
                0x08000298                __aeabi_dsub
                0x08000298                __subdf3
                0x0800029c                __aeabi_dadd
                0x0800029c                __adddf3
                0x08000514                __floatunsidf
                0x08000514                __aeabi_ui2d
                0x08000534                __floatsidf
                0x08000534                __aeabi_i2d
                0x08000558                __aeabi_f2d
                0x08000558                __extendsfdf2
                0x0800059c                __floatundidf
                0x0800059c                __aeabi_ul2d
                0x080005ac                __floatdidf
                0x080005ac                __aeabi_l2d
 .text          0x08000608      0x424 C:/ST/STM32CubeIDE_1.18.1/STM32CubeIDE/plugins/com.st.stm32cube.ide.mcu.externaltools.gnu-tools-for-stm32.13.3.rel1.win32_1.0.0.202411081344/tools/bin/../lib/gcc/arm-none-eabi/13.3.1/thumb/v7e-m+fp/hard\libgcc.a(_arm_muldivdf3.o)
                0x08000608                __aeabi_dmul
                0x08000608                __muldf3
                0x0800085c                __divdf3
                0x0800085c                __aeabi_ddiv
 .text          0x08000a2c      0x110 C:/ST/STM32CubeIDE_1.18.1/STM32CubeIDE/plugins/com.st.stm32cube.ide.mcu.externaltools.gnu-tools-for-stm32.13.3.rel1.win32_1.0.0.202411081344/tools/bin/../lib/gcc/arm-none-eabi/13.3.1/thumb/v7e-m+fp/hard\libgcc.a(_arm_cmpdf2.o)
                0x08000a2c                __gtdf2
                0x08000a2c                __gedf2
                0x08000a34                __ltdf2
                0x08000a34                __ledf2
                0x08000a3c                __nedf2
                0x08000a3c                __eqdf2
                0x08000a3c                __cmpdf2
                0x08000ab8                __aeabi_cdrcmple
                0x08000ac8                __aeabi_cdcmpeq
                0x08000ac8                __aeabi_cdcmple
                0x08000ad8                __aeabi_dcmpeq
                0x08000aec                __aeabi_dcmplt
                0x08000b00                __aeabi_dcmple
                0x08000b14                __aeabi_dcmpge
                0x08000b28                __aeabi_dcmpgt
 .text          0x08000b3c       0x2c C:/ST/STM32CubeIDE_1.18.1/STM32CubeIDE/plugins/com.st.stm32cube.ide.mcu.externaltools.gnu-tools-for-stm32.13.3.rel1.win32_1.0.0.202411081344/tools/bin/../lib/gcc/arm-none-eabi/13.3.1/thumb/v7e-m+fp/hard\libgcc.a(_arm_unorddf2.o)
                0x08000b3c                __unorddf2
                0x08000b3c                __aeabi_dcmpun
 .text          0x08000b68       0x50 C:/ST/STM32CubeIDE_1.18.1/STM32CubeIDE/plugins/com.st.stm32cube.ide.mcu.externaltools.gnu-tools-for-stm32.13.3.rel1.win32_1.0.0.202411081344/tools/bin/../lib/gcc/arm-none-eabi/13.3.1/thumb/v7e-m+fp/hard\libgcc.a(_arm_fixdfsi.o)
                0x08000b68                __aeabi_d2iz
                0x08000b68                __fixdfsi
 .text          0x08000bb8       0x30 C:/ST/STM32CubeIDE_1.18.1/STM32CubeIDE/plugins/com.st.stm32cube.ide.mcu.externaltools.gnu-tools-for-stm32.13.3.rel1.win32_1.0.0.202411081344/tools/bin/../lib/gcc/arm-none-eabi/13.3.1/thumb/v7e-m+fp/hard\libgcc.a(_aeabi_uldivmod.o)
                0x08000bb8                __aeabi_uldivmod
 .text          0x08000be8      0x2f8 C:/ST/STM32CubeIDE_1.18.1/STM32CubeIDE/plugins/com.st.stm32cube.ide.mcu.externaltools.gnu-tools-for-stm32.13.3.rel1.win32_1.0.0.202411081344/tools/bin/../lib/gcc/arm-none-eabi/13.3.1/thumb/v7e-m+fp/hard\libgcc.a(_udivmoddi4.o)
                0x08000be8                __udivmoddi4
 .text          0x08000ee0        0x4 C:/ST/STM32CubeIDE_1.18.1/STM32CubeIDE/plugins/com.st.stm32cube.ide.mcu.externaltools.gnu-tools-for-stm32.13.3.rel1.win32_1.0.0.202411081344/tools/bin/../lib/gcc/arm-none-eabi/13.3.1/thumb/v7e-m+fp/hard\libgcc.a(_dvmd_tls.o)
                0x08000ee0                __aeabi_idiv0
                0x08000ee0                __aeabi_ldiv0
 *(.text*)
 .text.init_i2c
                0x08000ee4       0xc4 ./Core/Src/accelerometer.o
 .text.write_reg
                0x08000fa8       0x38 ./Core/Src/accelerometer.o
 .text.read_regs
                0x08000fe0       0x40 ./Core/Src/accelerometer.o
 .text.Accel_Init
                0x08001020       0x58 ./Core/Src/accelerometer.o
                0x08001020                Accel_Init
 .text.convert_to_gs
                0x08001078       0x6c ./Core/Src/accelerometer.o
                0x08001078                convert_to_gs
 .text.Accel_ReadRaw
                0x080010e4       0x8a ./Core/Src/accelerometer.o
                0x080010e4                Accel_ReadRaw
 *fill*         0x0800116e        0x2 
 .text.SystemClock_Config
                0x08001170       0xc0 ./Core/Src/main.o
                0x08001170                SystemClock_Config
 .text.main     0x08001230      0x184 ./Core/Src/main.o
                0x08001230                main
 .text.HAL_MspInit
                0x080013b4       0x50 ./Core/Src/stm32f4xx_hal_msp.o
                0x080013b4                HAL_MspInit
 .text.HAL_I2C_MspInit
                0x08001404       0x90 ./Core/Src/stm32f4xx_hal_msp.o
                0x08001404                HAL_I2C_MspInit
 .text.NMI_Handler
                0x08001494        0x8 ./Core/Src/stm32f4xx_it.o
                0x08001494                NMI_Handler
 .text.HardFault_Handler
                0x0800149c        0x8 ./Core/Src/stm32f4xx_it.o
                0x0800149c                HardFault_Handler
 .text.MemManage_Handler
                0x080014a4        0x8 ./Core/Src/stm32f4xx_it.o
                0x080014a4                MemManage_Handler
 .text.BusFault_Handler
                0x080014ac        0x8 ./Core/Src/stm32f4xx_it.o
                0x080014ac                BusFault_Handler
 .text.UsageFault_Handler
                0x080014b4        0x8 ./Core/Src/stm32f4xx_it.o
                0x080014b4                UsageFault_Handler
 .text.SVC_Handler
                0x080014bc        0xe ./Core/Src/stm32f4xx_it.o
                0x080014bc                SVC_Handler
 .text.DebugMon_Handler
                0x080014ca        0xe ./Core/Src/stm32f4xx_it.o
                0x080014ca                DebugMon_Handler
 .text.PendSV_Handler
                0x080014d8        0xe ./Core/Src/stm32f4xx_it.o
                0x080014d8                PendSV_Handler
 .text.SysTick_Handler
                0x080014e6        0xc ./Core/Src/stm32f4xx_it.o
                0x080014e6                SysTick_Handler
 *fill*         0x080014f2        0x2 
 .text.OTG_FS_IRQHandler
                0x080014f4       0x14 ./Core/Src/stm32f4xx_it.o
                0x080014f4                OTG_FS_IRQHandler
 .text._sbrk    0x08001508       0x6c ./Core/Src/sysmem.o
                0x08001508                _sbrk
 .text.SystemInit
                0x08001574       0x24 ./Core/Src/system_stm32f4xx.o
                0x08001574                SystemInit
 .text.putchar_polled
                0x08001598       0x2c ./Core/Src/uart.o
                0x08001598                putchar_polled
 .text.sendString
                0x080015c4       0x2a ./Core/Src/uart.o
                0x080015c4                sendString
 *fill*         0x080015ee        0x2 
 .text.sendStringGreen
                0x080015f0       0x2c ./Core/Src/uart.o
                0x080015f0                sendStringGreen
 .text.UART_Init
                0x0800161c       0xb8 ./Core/Src/uart.o
                0x0800161c                UART_Init
 .text.Workout_Init
                0x080016d4      0x110 ./Core/Src/workout_inference.o
                0x080016d4                Workout_Init
 .text.Workout_AddSample
                0x080017e4      0x13c ./Core/Src/workout_inference.o
                0x080017e4                Workout_AddSample
 .text.Workout_ShouldInfer
                0x08001920       0x18 ./Core/Src/workout_inference.o
                0x08001920                Workout_ShouldInfer
 .text.prepare_input_buffer
                0x08001938       0x88 ./Core/Src/workout_inference.o
 .text.Workout_RunInference
                0x080019c0      0x168 ./Core/Src/workout_inference.o
                0x080019c0                Workout_RunInference
 .text.Workout_GetName
                0x08001b28       0x30 ./Core/Src/workout_inference.o
                0x08001b28                Workout_GetName
 .text.Reset_Handler
                0x08001b58       0x50 ./Core/Startup/startup_stm32f411vetx.o
                0x08001b58                Reset_Handler
 .text.Default_Handler
                0x08001ba8        0x2 ./Core/Startup/startup_stm32f411vetx.o
                0x08001ba8                RTC_Alarm_IRQHandler
                0x08001ba8                EXTI2_IRQHandler
                0x08001ba8                SPI4_IRQHandler
                0x08001ba8                TIM1_CC_IRQHandler
                0x08001ba8                DMA2_Stream5_IRQHandler
                0x08001ba8                DMA1_Stream5_IRQHandler
                0x08001ba8                PVD_IRQHandler
                0x08001ba8                SDIO_IRQHandler
                0x08001ba8                TAMP_STAMP_IRQHandler
                0x08001ba8                EXTI3_IRQHandler
                0x08001ba8                TIM1_UP_TIM10_IRQHandler
                0x08001ba8                I2C3_ER_IRQHandler
                0x08001ba8                EXTI0_IRQHandler
                0x08001ba8                I2C2_EV_IRQHandler
                0x08001ba8                DMA1_Stream2_IRQHandler
                0x08001ba8                FPU_IRQHandler
                0x08001ba8                DMA2_Stream2_IRQHandler
                0x08001ba8                SPI1_IRQHandler
                0x08001ba8                TIM1_BRK_TIM9_IRQHandler
                0x08001ba8                DMA2_Stream3_IRQHandler
                0x08001ba8                USART6_IRQHandler
                0x08001ba8                DMA2_Stream0_IRQHandler
                0x08001ba8                TIM4_IRQHandler
                0x08001ba8                I2C1_EV_IRQHandler
                0x08001ba8                DMA1_Stream6_IRQHandler
                0x08001ba8                DMA1_Stream1_IRQHandler
                0x08001ba8                TIM3_IRQHandler
                0x08001ba8                RCC_IRQHandler
                0x08001ba8                Default_Handler
                0x08001ba8                EXTI15_10_IRQHandler
                0x08001ba8                ADC_IRQHandler
                0x08001ba8                DMA1_Stream7_IRQHandler
                0x08001ba8                SPI5_IRQHandler
                0x08001ba8                TIM5_IRQHandler
                0x08001ba8                DMA2_Stream7_IRQHandler
                0x08001ba8                I2C3_EV_IRQHandler
                0x08001ba8                EXTI9_5_IRQHandler
                0x08001ba8                RTC_WKUP_IRQHandler
                0x08001ba8                SPI2_IRQHandler
                0x08001ba8                DMA1_Stream0_IRQHandler
                0x08001ba8                EXTI4_IRQHandler
                0x08001ba8                WWDG_IRQHandler
                0x08001ba8                TIM2_IRQHandler
                0x08001ba8                OTG_FS_WKUP_IRQHandler
                0x08001ba8                TIM1_TRG_COM_TIM11_IRQHandler
                0x08001ba8                EXTI1_IRQHandler
                0x08001ba8                USART2_IRQHandler
                0x08001ba8                I2C2_ER_IRQHandler
                0x08001ba8                DMA2_Stream1_IRQHandler
                0x08001ba8                FLASH_IRQHandler
                0x08001ba8                DMA2_Stream4_IRQHandler
                0x08001ba8                USART1_IRQHandler
                0x08001ba8                SPI3_IRQHandler
                0x08001ba8                DMA1_Stream4_IRQHandler
                0x08001ba8                I2C1_ER_IRQHandler
                0x08001ba8                DMA2_Stream6_IRQHandler
                0x08001ba8                DMA1_Stream3_IRQHandler
 *fill*         0x08001baa        0x2 
 .text.HAL_Init
                0x08001bac       0x44 ./Drivers/STM32F4xx_HAL_Driver/Src/stm32f4xx_hal.o
                0x08001bac                HAL_Init
 .text.HAL_InitTick
                0x08001bf0       0x60 ./Drivers/STM32F4xx_HAL_Driver/Src/stm32f4xx_hal.o
                0x08001bf0                HAL_InitTick
 .text.HAL_IncTick
                0x08001c50       0x28 ./Drivers/STM32F4xx_HAL_Driver/Src/stm32f4xx_hal.o
                0x08001c50                HAL_IncTick
 .text.HAL_GetTick
                0x08001c78       0x18 ./Drivers/STM32F4xx_HAL_Driver/Src/stm32f4xx_hal.o
                0x08001c78                HAL_GetTick
 .text.HAL_Delay
                0x08001c90       0x48 ./Drivers/STM32F4xx_HAL_Driver/Src/stm32f4xx_hal.o
                0x08001c90                HAL_Delay
 .text.__NVIC_SetPriorityGrouping
                0x08001cd8       0x48 ./Drivers/STM32F4xx_HAL_Driver/Src/stm32f4xx_hal_cortex.o
 .text.__NVIC_GetPriorityGrouping
                0x08001d20       0x1c ./Drivers/STM32F4xx_HAL_Driver/Src/stm32f4xx_hal_cortex.o
 .text.__NVIC_SetPriority
                0x08001d3c       0x54 ./Drivers/STM32F4xx_HAL_Driver/Src/stm32f4xx_hal_cortex.o
 .text.NVIC_EncodePriority
                0x08001d90       0x66 ./Drivers/STM32F4xx_HAL_Driver/Src/stm32f4xx_hal_cortex.o
 *fill*         0x08001df6        0x2 
 .text.SysTick_Config
                0x08001df8       0x44 ./Drivers/STM32F4xx_HAL_Driver/Src/stm32f4xx_hal_cortex.o
 .text.HAL_NVIC_SetPriorityGrouping
                0x08001e3c       0x16 ./Drivers/STM32F4xx_HAL_Driver/Src/stm32f4xx_hal_cortex.o
                0x08001e3c                HAL_NVIC_SetPriorityGrouping
 .text.HAL_NVIC_SetPriority
                0x08001e52       0x38 ./Drivers/STM32F4xx_HAL_Driver/Src/stm32f4xx_hal_cortex.o
                0x08001e52                HAL_NVIC_SetPriority
 .text.HAL_SYSTICK_Config
                0x08001e8a       0x18 ./Drivers/STM32F4xx_HAL_Driver/Src/stm32f4xx_hal_cortex.o
                0x08001e8a                HAL_SYSTICK_Config
 *fill*         0x08001ea2        0x2 
 .text.HAL_GPIO_Init
                0x08001ea4      0x308 ./Drivers/STM32F4xx_HAL_Driver/Src/stm32f4xx_hal_gpio.o
                0x08001ea4                HAL_GPIO_Init
 .text.HAL_HCD_IRQHandler
                0x080021ac      0x220 ./Drivers/STM32F4xx_HAL_Driver/Src/stm32f4xx_hal_hcd.o
                0x080021ac                HAL_HCD_IRQHandler
 .text.HAL_HCD_Stop
                0x080023cc       0x3a ./Drivers/STM32F4xx_HAL_Driver/Src/stm32f4xx_hal_hcd.o
                0x080023cc                HAL_HCD_Stop
 .text.HCD_HC_IN_IRQHandler
                0x08002406      0xcd2 ./Drivers/STM32F4xx_HAL_Driver/Src/stm32f4xx_hal_hcd.o
 .text.HCD_HC_OUT_IRQHandler
                0x080030d8      0x97e ./Drivers/STM32F4xx_HAL_Driver/Src/stm32f4xx_hal_hcd.o
 .text.HCD_RXQLVL_IRQHandler
                0x08003a56      0x1be ./Drivers/STM32F4xx_HAL_Driver/Src/stm32f4xx_hal_hcd.o
 .text.HCD_Port_IRQHandler
                0x08003c14       0xe6 ./Drivers/STM32F4xx_HAL_Driver/Src/stm32f4xx_hal_hcd.o
 *fill*         0x08003cfa        0x2 
 .text.HAL_I2C_Init
                0x08003cfc      0x288 ./Drivers/STM32F4xx_HAL_Driver/Src/stm32f4xx_hal_i2c.o
                0x08003cfc                HAL_I2C_Init
 .text.HAL_I2C_Mem_Write
                0x08003f84      0x1f4 ./Drivers/STM32F4xx_HAL_Driver/Src/stm32f4xx_hal_i2c.o
                0x08003f84                HAL_I2C_Mem_Write
 .text.HAL_I2C_Mem_Read
                0x08004178      0x464 ./Drivers/STM32F4xx_HAL_Driver/Src/stm32f4xx_hal_i2c.o
                0x08004178                HAL_I2C_Mem_Read
 .text.HAL_I2C_IsDeviceReady
                0x080045dc      0x25c ./Drivers/STM32F4xx_HAL_Driver/Src/stm32f4xx_hal_i2c.o
                0x080045dc                HAL_I2C_IsDeviceReady
 .text.I2C_RequestMemoryWrite
                0x08004838      0x12c ./Drivers/STM32F4xx_HAL_Driver/Src/stm32f4xx_hal_i2c.o
 .text.I2C_RequestMemoryRead
                0x08004964      0x1d0 ./Drivers/STM32F4xx_HAL_Driver/Src/stm32f4xx_hal_i2c.o
 .text.I2C_WaitOnFlagUntilTimeout
                0x08004b34       0xf4 ./Drivers/STM32F4xx_HAL_Driver/Src/stm32f4xx_hal_i2c.o
 .text.I2C_WaitOnMasterAddressFlagUntilTimeout
                0x08004c28      0x140 ./Drivers/STM32F4xx_HAL_Driver/Src/stm32f4xx_hal_i2c.o
 .text.I2C_WaitOnTXEFlagUntilTimeout
                0x08004d68       0x90 ./Drivers/STM32F4xx_HAL_Driver/Src/stm32f4xx_hal_i2c.o
 .text.I2C_WaitOnBTFFlagUntilTimeout
                0x08004df8       0x90 ./Drivers/STM32F4xx_HAL_Driver/Src/stm32f4xx_hal_i2c.o
 .text.I2C_WaitOnRXNEFlagUntilTimeout
                0x08004e88       0xba ./Drivers/STM32F4xx_HAL_Driver/Src/stm32f4xx_hal_i2c.o
 .text.I2C_IsAcknowledgeFailed
                0x08004f42       0x5e ./Drivers/STM32F4xx_HAL_Driver/Src/stm32f4xx_hal_i2c.o
 .text.HAL_RCC_OscConfig
                0x08004fa0      0x4f0 ./Drivers/STM32F4xx_HAL_Driver/Src/stm32f4xx_hal_rcc.o
                0x08004fa0                HAL_RCC_OscConfig
 .text.HAL_RCC_ClockConfig
                0x08005490      0x1cc ./Drivers/STM32F4xx_HAL_Driver/Src/stm32f4xx_hal_rcc.o
                0x08005490                HAL_RCC_ClockConfig
 .text.HAL_RCC_GetSysClockFreq
                0x0800565c      0x20c ./Drivers/STM32F4xx_HAL_Driver/Src/stm32f4xx_hal_rcc.o
                0x0800565c                HAL_RCC_GetSysClockFreq
 .text.HAL_RCC_GetHCLKFreq
                0x08005868       0x18 ./Drivers/STM32F4xx_HAL_Driver/Src/stm32f4xx_hal_rcc.o
                0x08005868                HAL_RCC_GetHCLKFreq
 .text.HAL_RCC_GetPCLK1Freq
                0x08005880       0x28 ./Drivers/STM32F4xx_HAL_Driver/Src/stm32f4xx_hal_rcc.o
                0x08005880                HAL_RCC_GetPCLK1Freq
 .text.USB_EnableGlobalInt
                0x080058a8       0x22 ./Drivers/STM32F4xx_HAL_Driver/Src/stm32f4xx_ll_usb.o
                0x080058a8                USB_EnableGlobalInt
 .text.USB_DisableGlobalInt
                0x080058ca       0x22 ./Drivers/STM32F4xx_HAL_Driver/Src/stm32f4xx_ll_usb.o
                0x080058ca                USB_DisableGlobalInt
 .text.USB_FlushTxFifo
                0x080058ec       0x64 ./Drivers/STM32F4xx_HAL_Driver/Src/stm32f4xx_ll_usb.o
                0x080058ec                USB_FlushTxFifo
 .text.USB_FlushRxFifo
                0x08005950       0x5c ./Drivers/STM32F4xx_HAL_Driver/Src/stm32f4xx_ll_usb.o
                0x08005950                USB_FlushRxFifo
 .text.USB_ReadPacket
                0x080059ac       0xb0 ./Drivers/STM32F4xx_HAL_Driver/Src/stm32f4xx_ll_usb.o
                0x080059ac                USB_ReadPacket
 .text.USB_ReadInterrupts
                0x08005a5c       0x26 ./Drivers/STM32F4xx_HAL_Driver/Src/stm32f4xx_ll_usb.o
                0x08005a5c                USB_ReadInterrupts
 .text.USB_ReadChInterrupts
                0x08005a82       0x42 ./Drivers/STM32F4xx_HAL_Driver/Src/stm32f4xx_ll_usb.o
                0x08005a82                USB_ReadChInterrupts
 .text.USB_GetMode
                0x08005ac4       0x1c ./Drivers/STM32F4xx_HAL_Driver/Src/stm32f4xx_ll_usb.o
                0x08005ac4                USB_GetMode
 .text.USB_InitFSLSPClkSel
                0x08005ae0       0x7a ./Drivers/STM32F4xx_HAL_Driver/Src/stm32f4xx_ll_usb.o
                0x08005ae0                USB_InitFSLSPClkSel
 .text.USB_HC_ReadInterrupt
                0x08005b5a       0x22 ./Drivers/STM32F4xx_HAL_Driver/Src/stm32f4xx_ll_usb.o
                0x08005b5a                USB_HC_ReadInterrupt
 .text.USB_HC_Halt
                0x08005b7c      0x240 ./Drivers/STM32F4xx_HAL_Driver/Src/stm32f4xx_ll_usb.o
                0x08005b7c                USB_HC_Halt
 .text.USB_StopHost
                0x08005dbc      0x124 ./Drivers/STM32F4xx_HAL_Driver/Src/stm32f4xx_ll_usb.o
                0x08005dbc                USB_StopHost
 .text.USBH_LL_IncTimer
                0x08005ee0       0x24 ./Middlewares/ST/STM32_USB_Host_Library/Core/Src/usbh_core.o
                0x08005ee0                USBH_LL_IncTimer
 .text.USBH_HandleSof
                0x08005f04       0x30 ./Middlewares/ST/STM32_USB_Host_Library/Core/Src/usbh_core.o
 .text.USBH_LL_PortEnabled
                0x08005f34       0x1c ./Middlewares/ST/STM32_USB_Host_Library/Core/Src/usbh_core.o
                0x08005f34                USBH_LL_PortEnabled
 .text.USBH_LL_PortDisabled
                0x08005f50       0x24 ./Middlewares/ST/STM32_USB_Host_Library/Core/Src/usbh_core.o
                0x08005f50                USBH_LL_PortDisabled
 .text.USBH_LL_Connect
                0x08005f74       0x2e ./Middlewares/ST/STM32_USB_Host_Library/Core/Src/usbh_core.o
                0x08005f74                USBH_LL_Connect
 .text.USBH_LL_Disconnect
                0x08005fa2       0x48 ./Middlewares/ST/STM32_USB_Host_Library/Core/Src/usbh_core.o
                0x08005fa2                USBH_LL_Disconnect
 .text.USBH_FreePipe
                0x08005fea       0x3c ./Middlewares/ST/STM32_USB_Host_Library/Core/Src/usbh_pipes.o
                0x08005fea                USBH_FreePipe
 .text.HAL_HCD_SOF_Callback
                0x08006026       0x1c ./USB_HOST/Target/usbh_conf.o
                0x08006026                HAL_HCD_SOF_Callback
 .text.HAL_HCD_Connect_Callback
                0x08006042       0x1c ./USB_HOST/Target/usbh_conf.o
                0x08006042                HAL_HCD_Connect_Callback
 .text.HAL_HCD_Disconnect_Callback
                0x0800605e       0x1c ./USB_HOST/Target/usbh_conf.o
                0x0800605e                HAL_HCD_Disconnect_Callback
 .text.HAL_HCD_HC_NotifyURBChange_Callback
                0x0800607a       0x1c ./USB_HOST/Target/usbh_conf.o
                0x0800607a                HAL_HCD_HC_NotifyURBChange_Callback
 .text.HAL_HCD_PortEnabled_Callback
                0x08006096       0x1c ./USB_HOST/Target/usbh_conf.o
                0x08006096                HAL_HCD_PortEnabled_Callback
 .text.HAL_HCD_PortDisabled_Callback
                0x080060b2       0x1c ./USB_HOST/Target/usbh_conf.o
                0x080060b2                HAL_HCD_PortDisabled_Callback
 .text.USBH_LL_Stop
                0x080060ce       0x36 ./USB_HOST/Target/usbh_conf.o
                0x080060ce                USBH_LL_Stop
 .text.USBH_Get_USB_Status
                0x08006104       0x58 ./USB_HOST/Target/usbh_conf.o
                0x08006104                USBH_Get_USB_Status
 .text.network_configure_activations
                0x0800615c      0x148 ./X-CUBE-AI/App/network.o
 .text.network_configure_weights
                0x080062a4      0x10c ./X-CUBE-AI/App/network.o
 .text.ai_network_get_error
                0x080063b0       0x18 ./X-CUBE-AI/App/network.o
                0x080063b0                ai_network_get_error
 .text.ai_network_create
                0x080063c8       0x2c ./X-CUBE-AI/App/network.o
                0x080063c8                ai_network_create
 .text.ai_network_inputs_get
                0x080063f4       0x34 ./X-CUBE-AI/App/network.o
                0x080063f4                ai_network_inputs_get
 .text.ai_network_outputs_get
                0x08006428       0x34 ./X-CUBE-AI/App/network.o
                0x08006428                ai_network_outputs_get
 .text.ai_network_init
                0x0800645c       0x78 ./X-CUBE-AI/App/network.o
                0x0800645c                ai_network_init
 .text.ai_network_run
                0x080064d4       0x20 ./X-CUBE-AI/App/network.o
                0x080064d4                ai_network_run
 .text.ai_network_data_activations_buffer_get
                0x080064f4       0x68 ./X-CUBE-AI/App/network_data.o
                0x080064f4                ai_network_data_activations_buffer_get
 .text.ai_network_data_weights_buffer_get
                0x0800655c       0x68 ./X-CUBE-AI/App/network_data.o
                0x0800655c                ai_network_data_weights_buffer_get
 .text.ai_network_data_weights_get
                0x080065c4       0x14 ./X-CUBE-AI/App/network_data.o
                0x080065c4                ai_network_data_weights_get
 .text.ai_buffer_get_size
                0x080065d8       0x64 ../Middlewares/ST/AI/Lib\NetworkRuntime1020_CM4_GCC.a(ai_platform.o)
                0x080065d8                ai_buffer_get_size
 .text.ai_buffer_array_sane
                0x0800663c       0x14 ../Middlewares/ST/AI/Lib\NetworkRuntime1020_CM4_GCC.a(ai_platform.o)
                0x0800663c                ai_buffer_array_sane
 .text.ai_platform_get_weights_map
                0x08006650       0xa4 ../Middlewares/ST/AI/Lib\NetworkRuntime1020_CM4_GCC.a(ai_platform_interface.o)
                0x08006650                ai_platform_get_weights_map
 .text.ai_platform_get_activations_map
                0x080066f4       0xa8 ../Middlewares/ST/AI/Lib\NetworkRuntime1020_CM4_GCC.a(ai_platform_interface.o)
                0x080066f4                ai_platform_get_activations_map
 .text.ai_platform_network_get_error
                0x0800679c       0x18 ../Middlewares/ST/AI/Lib\NetworkRuntime1020_CM4_GCC.a(ai_platform_interface.o)
                0x0800679c                ai_platform_network_get_error
 .text.ai_platform_network_set_error
                0x080067b4        0xc ../Middlewares/ST/AI/Lib\NetworkRuntime1020_CM4_GCC.a(ai_platform_interface.o)
                0x080067b4                ai_platform_network_set_error
 .text.ai_platform_inputs_get
                0x080067c0       0xec ../Middlewares/ST/AI/Lib\NetworkRuntime1020_CM4_GCC.a(ai_platform_interface.o)
                0x080067c0                ai_platform_inputs_get
 .text.ai_platform_outputs_get
                0x080068ac       0xe4 ../Middlewares/ST/AI/Lib\NetworkRuntime1020_CM4_GCC.a(ai_platform_interface.o)
                0x080068ac                ai_platform_outputs_get
 .text.ai_platform_network_create
                0x08006990       0x84 ../Middlewares/ST/AI/Lib\NetworkRuntime1020_CM4_GCC.a(ai_platform_interface.o)
                0x08006990                ai_platform_network_create
 .text.ai_platform_network_init
                0x08006a14      0x130 ../Middlewares/ST/AI/Lib\NetworkRuntime1020_CM4_GCC.a(ai_platform_interface.o)
                0x08006a14                ai_platform_network_init
 .text.ai_platform_network_post_init
                0x08006b44       0x5c ../Middlewares/ST/AI/Lib\NetworkRuntime1020_CM4_GCC.a(ai_platform_interface.o)
                0x08006b44                ai_platform_network_post_init
 .text.ai_platform_network_process
                0x08006ba0      0x438 ../Middlewares/ST/AI/Lib\NetworkRuntime1020_CM4_GCC.a(ai_platform_interface.o)
                0x08006ba0                ai_platform_network_process
 .text.core_init
                0x08006fd8        0x4 ../Middlewares/ST/AI/Lib\NetworkRuntime1020_CM4_GCC.a(core_common.o)
                0x08006fd8                core_init
 .text.core_get_error
                0x08006fdc        0xc ../Middlewares/ST/AI/Lib\NetworkRuntime1020_CM4_GCC.a(core_common.o)
                0x08006fdc                core_get_error
 .text.core_set_error
                0x08006fe8       0x18 ../Middlewares/ST/AI/Lib\NetworkRuntime1020_CM4_GCC.a(core_common.o)
                0x08006fe8                core_set_error
 .text.node_convert_integer
                0x08007000      0x1b8 ../Middlewares/ST/AI/Lib\NetworkRuntime1020_CM4_GCC.a(core_convert.o)
                0x08007000                node_convert_integer
 .text.ai_check_custom_types
                0x080071b8       0x54 ../Middlewares/ST/AI/Lib\NetworkRuntime1020_CM4_GCC.a(layers.o)
                0x080071b8                ai_check_custom_types
 .text.ai_layers_init_all
                0x0800720c       0x20 ../Middlewares/ST/AI/Lib\NetworkRuntime1020_CM4_GCC.a(layers.o)
                0x0800720c                ai_layers_init_all
 .text.ai_layers_post_init_all
                0x0800722c       0x3c ../Middlewares/ST/AI/Lib\NetworkRuntime1020_CM4_GCC.a(layers.o)
                0x0800722c                ai_layers_post_init_all
 .text.ai_layers_forward_all
                0x08007268       0x90 ../Middlewares/ST/AI/Lib\NetworkRuntime1020_CM4_GCC.a(layers.o)
                0x08007268                ai_layers_forward_all
 .text.forward_dense_integer_SSSA_ch
                0x080072f8      0x200 ../Middlewares/ST/AI/Lib\NetworkRuntime1020_CM4_GCC.a(layers_conv2d_stm32_integer.o)
                0x080072f8                forward_dense_integer_SSSA_ch
 .text.forward_dw_sssa8_ch
                0x080074f8      0x1b4 ../Middlewares/ST/AI/Lib\NetworkRuntime1020_CM4_GCC.a(layers_dw_sssa8_ch.o)
                0x080074f8                forward_dw_sssa8_ch
 .text.forward_mp_integer_INT8
                0x080076ac      0x218 ../Middlewares/ST/AI/Lib\NetworkRuntime1020_CM4_GCC.a(layers_pool_stm32_integer.o)
                0x080076ac                forward_mp_integer_INT8
 .text.forward_ap_integer_INT8
                0x080078c4      0x1bc ../Middlewares/ST/AI/Lib\NetworkRuntime1020_CM4_GCC.a(layers_pool_stm32_integer.o)
                0x080078c4                forward_ap_integer_INT8
 .text.forward_pw_sssa8_ch
                0x08007a80      0x178 ../Middlewares/ST/AI/Lib\NetworkRuntime1020_CM4_GCC.a(layers_pw_sssa8_ch.o)
                0x08007a80                forward_pw_sssa8_ch
 .text.forward_lite_node_convert_integer_is8os8
                0x08007bf8       0x10 ../Middlewares/ST/AI/Lib\NetworkRuntime1020_CM4_GCC.a(forward_lite_convert.o)
                0x08007bf8                forward_lite_node_convert_integer_is8os8
 .text.forward_lite_node_convert_integer_iu8ou8
                0x08007c08       0x10 ../Middlewares/ST/AI/Lib\NetworkRuntime1020_CM4_GCC.a(forward_lite_convert.o)
                0x08007c08                forward_lite_node_convert_integer_iu8ou8
 .text.forward_lite_node_convert_integer_iu8os8
                0x08007c18       0x10 ../Middlewares/ST/AI/Lib\NetworkRuntime1020_CM4_GCC.a(forward_lite_convert.o)
                0x08007c18                forward_lite_node_convert_integer_iu8os8
 .text.forward_lite_node_convert_integer_iu8os8_fast
                0x08007c28        0x4 ../Middlewares/ST/AI/Lib\NetworkRuntime1020_CM4_GCC.a(forward_lite_convert.o)
                0x08007c28                forward_lite_node_convert_integer_iu8os8_fast
 .text.forward_lite_node_convert_integer_is8ou8
                0x08007c2c       0x10 ../Middlewares/ST/AI/Lib\NetworkRuntime1020_CM4_GCC.a(forward_lite_convert.o)
                0x08007c2c                forward_lite_node_convert_integer_is8ou8
 .text.forward_lite_node_convert_integer_is8ou8_fast
                0x08007c3c        0x4 ../Middlewares/ST/AI/Lib\NetworkRuntime1020_CM4_GCC.a(forward_lite_convert.o)
                0x08007c3c                forward_lite_node_convert_integer_is8ou8_fast
 .text.forward_lite_dense_is8os8ws8_ch
                0x08007c40       0x7c ../Middlewares/ST/AI/Lib\NetworkRuntime1020_CM4_GCC.a(forward_lite_dense_is8os8ws8_ch.o)
                0x08007c40                forward_lite_dense_is8os8ws8_ch
 .text.forward_lite_maxpool_is8os8_scalepos
                0x08007cbc      0x1c8 ../Middlewares/ST/AI/Lib\NetworkRuntime1020_CM4_GCC.a(forward_lite_maxpool_is8os8_scalepos.o)
                0x08007cbc                forward_lite_maxpool_is8os8_scalepos
 .text.forward_lite_avepool_is8os8
                0x08007e84       0x4c ../Middlewares/ST/AI/Lib\NetworkRuntime1020_CM4_GCC.a(forward_lite_avepool_is8os8.o)
                0x08007e84                forward_lite_avepool_is8os8
 .text.st_dw_sssa8_ch_Wadapt
                0x08007ed0      0x164 ../Middlewares/ST/AI/Lib\NetworkRuntime1020_CM4_GCC.a(forward_lite_dw_sssa8_ch.o)
                0x08007ed0                st_dw_sssa8_ch_Wadapt
 .text.forward_lite_dw_sssa8_ch
                0x08008034      0x81c ../Middlewares/ST/AI/Lib\NetworkRuntime1020_CM4_GCC.a(forward_lite_dw_sssa8_ch.o)
                0x08008034                forward_lite_dw_sssa8_ch
 .text.forward_lite_pw_sssa8_ch
                0x08008850      0x36c ../Middlewares/ST/AI/Lib\NetworkRuntime1020_CM4_GCC.a(forward_lite_pw_sssa8_ch.o)
                0x08008850                forward_lite_pw_sssa8_ch
 .text.lite_convert_is8os8
                0x08008bbc       0x80 ../Middlewares/ST/AI/Lib\NetworkRuntime1020_CM4_GCC.a(lite_convert_kernel.o)
                0x08008bbc                lite_convert_is8os8
 .text.lite_convert_iu8ou8
                0x08008c3c       0x54 ../Middlewares/ST/AI/Lib\NetworkRuntime1020_CM4_GCC.a(lite_convert_kernel.o)
                0x08008c3c                lite_convert_iu8ou8
 .text.lite_convert_iu8os8
                0x08008c90       0x80 ../Middlewares/ST/AI/Lib\NetworkRuntime1020_CM4_GCC.a(lite_convert_kernel.o)
                0x08008c90                lite_convert_iu8os8
 .text.lite_convert_iu8os8_fast
                0x08008d10       0x70 ../Middlewares/ST/AI/Lib\NetworkRuntime1020_CM4_GCC.a(lite_convert_kernel.o)
                0x08008d10                lite_convert_iu8os8_fast
 .text.lite_convert_is8ou8
                0x08008d80       0x54 ../Middlewares/ST/AI/Lib\NetworkRuntime1020_CM4_GCC.a(lite_convert_kernel.o)
                0x08008d80                lite_convert_is8ou8
 .text.lite_convert_is8ou8_fast
                0x08008dd4       0x68 ../Middlewares/ST/AI/Lib\NetworkRuntime1020_CM4_GCC.a(lite_convert_kernel.o)
                0x08008dd4                lite_convert_is8ou8_fast
 .text.forward_lite_maxpool_is8os8_scaleneg
                0x08008e3c      0x1c4 ../Middlewares/ST/AI/Lib\NetworkRuntime1020_CM4_GCC.a(forward_lite_maxpool_is8os8.o)
                0x08008e3c                forward_lite_maxpool_is8os8_scaleneg
 .text.align_factor_ch
                0x08009000       0x60 ../Middlewares/ST/AI/Lib\NetworkRuntime1020_CM4_GCC.a(st_align_factor.o)
                0x08009000                align_factor_ch
 .text.ai_padding_opt_init
                0x08009060       0xb0 ../Middlewares/ST/AI/Lib\NetworkRuntime1020_CM4_GCC.a(st_padding_opt.o)
                0x08009060                ai_padding_opt_init
 .text.ai_padding_opt_phase1
                0x08009110       0x34 ../Middlewares/ST/AI/Lib\NetworkRuntime1020_CM4_GCC.a(st_padding_opt.o)
                0x08009110                ai_padding_opt_phase1
 .text.st_int8_avepool
                0x08009144      0x208 ../Middlewares/ST/AI/Lib\NetworkRuntime1020_CM4_GCC.a(st_int8_pool.o)
                0x08009144                st_int8_avepool
 .text.st_sssa8_ch_fully_connected
                0x0800934c      0x514 ../Middlewares/ST/AI/Lib\NetworkRuntime1020_CM4_GCC.a(st_sssa8_ch_dense.o)
                0x0800934c                st_sssa8_ch_fully_connected
 .text.st_int8_copy
                0x08009860      0x13c ../Middlewares/ST/AI/Lib\NetworkRuntime1020_CM4_GCC.a(st_int8_fill.o)
                0x08009860                st_int8_copy
 .text.st_int8_fill
                0x0800999c       0x80 ../Middlewares/ST/AI/Lib\NetworkRuntime1020_CM4_GCC.a(st_int8_fill.o)
                0x0800999c                st_int8_fill
 .text.st_int8_reordered_no_shift_zero
                0x08009a1c       0x68 ../Middlewares/ST/AI/Lib\NetworkRuntime1020_CM4_GCC.a(st_int8_reordered_no_shift.o)
                0x08009a1c                st_int8_reordered_no_shift_zero
 .text.weights_2channels_prefetch
                0x08009a84      0x200 ../Middlewares/ST/AI/Lib\NetworkRuntime1020_CM4_GCC.a(st_sssa8_ch_nn_mat_mult_nt_t.o)
                0x08009a84                weights_2channels_prefetch
 .text.st_sssa8_ch_fullW_prefetch
                0x08009c84       0x7c ../Middlewares/ST/AI/Lib\NetworkRuntime1020_CM4_GCC.a(st_sssa8_ch_nn_mat_mult_nt_t.o)
                0x08009c84                st_sssa8_ch_fullW_prefetch
 .text.st_sssa8_ch_nn_mat_mult_pw_nt_t
                0x08009d00      0x760 ../Middlewares/ST/AI/Lib\NetworkRuntime1020_CM4_GCC.a(st_sssa8_ch_nn_mat_mult_pw_nt_t.o)
                0x08009d00                st_sssa8_ch_nn_mat_mult_pw_nt_t
 .text.st_sssa8_ch_nn_mat_mult_pw_nt_t_KWS
                0x0800a460      0x470 ../Middlewares/ST/AI/Lib\NetworkRuntime1020_CM4_GCC.a(st_sssa8_ch_nn_mat_mult_pw_nt_t.o)
                0x0800a460                st_sssa8_ch_nn_mat_mult_pw_nt_t_KWS
 .text.ai_array_to_buffer_fmt
                0x0800a8d0       0xe0 ../Middlewares/ST/AI/Lib\NetworkRuntime1020_CM4_GCC.a(ai_datatypes_format.o)
                0x0800a8d0                ai_array_to_buffer_fmt
 .text.ai_array_get_byte_size
                0x0800a9b0       0x3c ../Middlewares/ST/AI/Lib\NetworkRuntime1020_CM4_GCC.a(ai_datatypes_format.o)
                0x0800a9b0                ai_array_get_byte_size
 .text.ai_array_get_data_byte_size
                0x0800a9ec       0x24 ../Middlewares/ST/AI/Lib\NetworkRuntime1020_CM4_GCC.a(ai_datatypes_format.o)
                0x0800a9ec                ai_array_get_data_byte_size
 .text.ai_version_get
                0x0800aa10        0xc ../Middlewares/ST/AI/Lib\NetworkRuntime1020_CM4_GCC.a(ai_datatypes_internal.o)
                0x0800aa10                ai_version_get
 .text.get_tensor_byte_size
                0x0800aa1c       0x30 ../Middlewares/ST/AI/Lib\NetworkRuntime1020_CM4_GCC.a(ai_datatypes_internal.o)
                0x0800aa1c                get_tensor_byte_size
 .text.malloc   0x0800aa4c       0x10 C:/ST/STM32CubeIDE_1.18.1/STM32CubeIDE/plugins/com.st.stm32cube.ide.mcu.externaltools.gnu-tools-for-stm32.13.3.rel1.win32_1.0.0.202411081344/tools/bin/../lib/gcc/arm-none-eabi/13.3.1/../../../../arm-none-eabi/lib/thumb/v7e-m+fp/hard\libc_nano.a(libc_a-malloc.o)
                0x0800aa4c                malloc
 .text.sbrk_aligned
                0x0800aa5c       0x44 C:/ST/STM32CubeIDE_1.18.1/STM32CubeIDE/plugins/com.st.stm32cube.ide.mcu.externaltools.gnu-tools-for-stm32.13.3.rel1.win32_1.0.0.202411081344/tools/bin/../lib/gcc/arm-none-eabi/13.3.1/../../../../arm-none-eabi/lib/thumb/v7e-m+fp/hard\libc_nano.a(libc_a-mallocr.o)
 .text._malloc_r
                0x0800aaa0      0x100 C:/ST/STM32CubeIDE_1.18.1/STM32CubeIDE/plugins/com.st.stm32cube.ide.mcu.externaltools.gnu-tools-for-stm32.13.3.rel1.win32_1.0.0.202411081344/tools/bin/../lib/gcc/arm-none-eabi/13.3.1/../../../../arm-none-eabi/lib/thumb/v7e-m+fp/hard\libc_nano.a(libc_a-mallocr.o)
                0x0800aaa0                _malloc_r
 .text.__malloc_lock
                0x0800aba0        0xc C:/ST/STM32CubeIDE_1.18.1/STM32CubeIDE/plugins/com.st.stm32cube.ide.mcu.externaltools.gnu-tools-for-stm32.13.3.rel1.win32_1.0.0.202411081344/tools/bin/../lib/gcc/arm-none-eabi/13.3.1/../../../../arm-none-eabi/lib/thumb/v7e-m+fp/hard\libc_nano.a(libc_a-mlock.o)
                0x0800aba0                __malloc_lock
 .text.__malloc_unlock
                0x0800abac        0xc C:/ST/STM32CubeIDE_1.18.1/STM32CubeIDE/plugins/com.st.stm32cube.ide.mcu.externaltools.gnu-tools-for-stm32.13.3.rel1.win32_1.0.0.202411081344/tools/bin/../lib/gcc/arm-none-eabi/13.3.1/../../../../arm-none-eabi/lib/thumb/v7e-m+fp/hard\libc_nano.a(libc_a-mlock.o)
                0x0800abac                __malloc_unlock
 .text._realloc_r
                0x0800abb8       0x5c C:/ST/STM32CubeIDE_1.18.1/STM32CubeIDE/plugins/com.st.stm32cube.ide.mcu.externaltools.gnu-tools-for-stm32.13.3.rel1.win32_1.0.0.202411081344/tools/bin/../lib/gcc/arm-none-eabi/13.3.1/../../../../arm-none-eabi/lib/thumb/v7e-m+fp/hard\libc_nano.a(libc_a-reallocr.o)
                0x0800abb8                _realloc_r
 .text.__cvt    0x0800ac14       0xca C:/ST/STM32CubeIDE_1.18.1/STM32CubeIDE/plugins/com.st.stm32cube.ide.mcu.externaltools.gnu-tools-for-stm32.13.3.rel1.win32_1.0.0.202411081344/tools/bin/../lib/gcc/arm-none-eabi/13.3.1/../../../../arm-none-eabi/lib/thumb/v7e-m+fp/hard\libc_nano.a(libc_a-nano-vfprintf_float.o)
                0x0800ac14                __cvt
 .text.__exponent
                0x0800acde       0x74 C:/ST/STM32CubeIDE_1.18.1/STM32CubeIDE/plugins/com.st.stm32cube.ide.mcu.externaltools.gnu-tools-for-stm32.13.3.rel1.win32_1.0.0.202411081344/tools/bin/../lib/gcc/arm-none-eabi/13.3.1/../../../../arm-none-eabi/lib/thumb/v7e-m+fp/hard\libc_nano.a(libc_a-nano-vfprintf_float.o)
                0x0800acde                __exponent
 *fill*         0x0800ad52        0x2 
 .text._printf_float
                0x0800ad54      0x454 C:/ST/STM32CubeIDE_1.18.1/STM32CubeIDE/plugins/com.st.stm32cube.ide.mcu.externaltools.gnu-tools-for-stm32.13.3.rel1.win32_1.0.0.202411081344/tools/bin/../lib/gcc/arm-none-eabi/13.3.1/../../../../arm-none-eabi/lib/thumb/v7e-m+fp/hard\libc_nano.a(libc_a-nano-vfprintf_float.o)
                0x0800ad54                _printf_float
 .text._printf_common
                0x0800b1a8       0xda C:/ST/STM32CubeIDE_1.18.1/STM32CubeIDE/plugins/com.st.stm32cube.ide.mcu.externaltools.gnu-tools-for-stm32.13.3.rel1.win32_1.0.0.202411081344/tools/bin/../lib/gcc/arm-none-eabi/13.3.1/../../../../arm-none-eabi/lib/thumb/v7e-m+fp/hard\libc_nano.a(libc_a-nano-vfprintf_i.o)
                0x0800b1a8                _printf_common
 *fill*         0x0800b282        0x2 
 .text._printf_i
                0x0800b284      0x23c C:/ST/STM32CubeIDE_1.18.1/STM32CubeIDE/plugins/com.st.stm32cube.ide.mcu.externaltools.gnu-tools-for-stm32.13.3.rel1.win32_1.0.0.202411081344/tools/bin/../lib/gcc/arm-none-eabi/13.3.1/../../../../arm-none-eabi/lib/thumb/v7e-m+fp/hard\libc_nano.a(libc_a-nano-vfprintf_i.o)
                0x0800b284                _printf_i
 .text.std      0x0800b4c0       0x6c C:/ST/STM32CubeIDE_1.18.1/STM32CubeIDE/plugins/com.st.stm32cube.ide.mcu.externaltools.gnu-tools-for-stm32.13.3.rel1.win32_1.0.0.202411081344/tools/bin/../lib/gcc/arm-none-eabi/13.3.1/../../../../arm-none-eabi/lib/thumb/v7e-m+fp/hard\libc_nano.a(libc_a-findfp.o)
 .text.stdio_exit_handler
                0x0800b52c       0x18 C:/ST/STM32CubeIDE_1.18.1/STM32CubeIDE/plugins/com.st.stm32cube.ide.mcu.externaltools.gnu-tools-for-stm32.13.3.rel1.win32_1.0.0.202411081344/tools/bin/../lib/gcc/arm-none-eabi/13.3.1/../../../../arm-none-eabi/lib/thumb/v7e-m+fp/hard\libc_nano.a(libc_a-findfp.o)
 .text.cleanup_stdio
                0x0800b544       0x40 C:/ST/STM32CubeIDE_1.18.1/STM32CubeIDE/plugins/com.st.stm32cube.ide.mcu.externaltools.gnu-tools-for-stm32.13.3.rel1.win32_1.0.0.202411081344/tools/bin/../lib/gcc/arm-none-eabi/13.3.1/../../../../arm-none-eabi/lib/thumb/v7e-m+fp/hard\libc_nano.a(libc_a-findfp.o)
 .text.global_stdio_init.part.0
                0x0800b584       0x3c C:/ST/STM32CubeIDE_1.18.1/STM32CubeIDE/plugins/com.st.stm32cube.ide.mcu.externaltools.gnu-tools-for-stm32.13.3.rel1.win32_1.0.0.202411081344/tools/bin/../lib/gcc/arm-none-eabi/13.3.1/../../../../arm-none-eabi/lib/thumb/v7e-m+fp/hard\libc_nano.a(libc_a-findfp.o)
 .text.__sfp_lock_acquire
                0x0800b5c0        0xc C:/ST/STM32CubeIDE_1.18.1/STM32CubeIDE/plugins/com.st.stm32cube.ide.mcu.externaltools.gnu-tools-for-stm32.13.3.rel1.win32_1.0.0.202411081344/tools/bin/../lib/gcc/arm-none-eabi/13.3.1/../../../../arm-none-eabi/lib/thumb/v7e-m+fp/hard\libc_nano.a(libc_a-findfp.o)
                0x0800b5c0                __sfp_lock_acquire
 .text.__sfp_lock_release
                0x0800b5cc        0xc C:/ST/STM32CubeIDE_1.18.1/STM32CubeIDE/plugins/com.st.stm32cube.ide.mcu.externaltools.gnu-tools-for-stm32.13.3.rel1.win32_1.0.0.202411081344/tools/bin/../lib/gcc/arm-none-eabi/13.3.1/../../../../arm-none-eabi/lib/thumb/v7e-m+fp/hard\libc_nano.a(libc_a-findfp.o)
                0x0800b5cc                __sfp_lock_release
 .text.__sinit  0x0800b5d8       0x30 C:/ST/STM32CubeIDE_1.18.1/STM32CubeIDE/plugins/com.st.stm32cube.ide.mcu.externaltools.gnu-tools-for-stm32.13.3.rel1.win32_1.0.0.202411081344/tools/bin/../lib/gcc/arm-none-eabi/13.3.1/../../../../arm-none-eabi/lib/thumb/v7e-m+fp/hard\libc_nano.a(libc_a-findfp.o)
                0x0800b5d8                __sinit
 .text._fwalk_sglue
                0x0800b608       0x3c C:/ST/STM32CubeIDE_1.18.1/STM32CubeIDE/plugins/com.st.stm32cube.ide.mcu.externaltools.gnu-tools-for-stm32.13.3.rel1.win32_1.0.0.202411081344/tools/bin/../lib/gcc/arm-none-eabi/13.3.1/../../../../arm-none-eabi/lib/thumb/v7e-m+fp/hard\libc_nano.a(libc_a-fwalk.o)
                0x0800b608                _fwalk_sglue
 .text.sprintf  0x0800b644       0x44 C:/ST/STM32CubeIDE_1.18.1/STM32CubeIDE/plugins/com.st.stm32cube.ide.mcu.externaltools.gnu-tools-for-stm32.13.3.rel1.win32_1.0.0.202411081344/tools/bin/../lib/gcc/arm-none-eabi/13.3.1/../../../../arm-none-eabi/lib/thumb/v7e-m+fp/hard\libc_nano.a(libc_a-sprintf.o)
                0x0800b644                siprintf
                0x0800b644                sprintf
 .text.__sread  0x0800b688       0x22 C:/ST/STM32CubeIDE_1.18.1/STM32CubeIDE/plugins/com.st.stm32cube.ide.mcu.externaltools.gnu-tools-for-stm32.13.3.rel1.win32_1.0.0.202411081344/tools/bin/../lib/gcc/arm-none-eabi/13.3.1/../../../../arm-none-eabi/lib/thumb/v7e-m+fp/hard\libc_nano.a(libc_a-stdio.o)
                0x0800b688                __sread
 .text.__swrite
                0x0800b6aa       0x38 C:/ST/STM32CubeIDE_1.18.1/STM32CubeIDE/plugins/com.st.stm32cube.ide.mcu.externaltools.gnu-tools-for-stm32.13.3.rel1.win32_1.0.0.202411081344/tools/bin/../lib/gcc/arm-none-eabi/13.3.1/../../../../arm-none-eabi/lib/thumb/v7e-m+fp/hard\libc_nano.a(libc_a-stdio.o)
                0x0800b6aa                __swrite
 .text.__sseek  0x0800b6e2       0x24 C:/ST/STM32CubeIDE_1.18.1/STM32CubeIDE/plugins/com.st.stm32cube.ide.mcu.externaltools.gnu-tools-for-stm32.13.3.rel1.win32_1.0.0.202411081344/tools/bin/../lib/gcc/arm-none-eabi/13.3.1/../../../../arm-none-eabi/lib/thumb/v7e-m+fp/hard\libc_nano.a(libc_a-stdio.o)
                0x0800b6e2                __sseek
 .text.__sclose
                0x0800b706        0x8 C:/ST/STM32CubeIDE_1.18.1/STM32CubeIDE/plugins/com.st.stm32cube.ide.mcu.externaltools.gnu-tools-for-stm32.13.3.rel1.win32_1.0.0.202411081344/tools/bin/../lib/gcc/arm-none-eabi/13.3.1/../../../../arm-none-eabi/lib/thumb/v7e-m+fp/hard\libc_nano.a(libc_a-stdio.o)
                0x0800b706                __sclose
 .text.memset   0x0800b70e       0x10 C:/ST/STM32CubeIDE_1.18.1/STM32CubeIDE/plugins/com.st.stm32cube.ide.mcu.externaltools.gnu-tools-for-stm32.13.3.rel1.win32_1.0.0.202411081344/tools/bin/../lib/gcc/arm-none-eabi/13.3.1/../../../../arm-none-eabi/lib/thumb/v7e-m+fp/hard\libc_nano.a(libc_a-memset.o)
                0x0800b70e                memset
 *fill*         0x0800b71e        0x2 
 .text._localeconv_r
                0x0800b720        0x8 C:/ST/STM32CubeIDE_1.18.1/STM32CubeIDE/plugins/com.st.stm32cube.ide.mcu.externaltools.gnu-tools-for-stm32.13.3.rel1.win32_1.0.0.202411081344/tools/bin/../lib/gcc/arm-none-eabi/13.3.1/../../../../arm-none-eabi/lib/thumb/v7e-m+fp/hard\libc_nano.a(libc_a-localeconv.o)
                0x0800b720                _localeconv_r
 .text._close_r
                0x0800b728       0x20 C:/ST/STM32CubeIDE_1.18.1/STM32CubeIDE/plugins/com.st.stm32cube.ide.mcu.externaltools.gnu-tools-for-stm32.13.3.rel1.win32_1.0.0.202411081344/tools/bin/../lib/gcc/arm-none-eabi/13.3.1/../../../../arm-none-eabi/lib/thumb/v7e-m+fp/hard\libc_nano.a(libc_a-closer.o)
                0x0800b728                _close_r
 .text._lseek_r
                0x0800b748       0x24 C:/ST/STM32CubeIDE_1.18.1/STM32CubeIDE/plugins/com.st.stm32cube.ide.mcu.externaltools.gnu-tools-for-stm32.13.3.rel1.win32_1.0.0.202411081344/tools/bin/../lib/gcc/arm-none-eabi/13.3.1/../../../../arm-none-eabi/lib/thumb/v7e-m+fp/hard\libc_nano.a(libc_a-lseekr.o)
                0x0800b748                _lseek_r
 .text._read_r  0x0800b76c       0x24 C:/ST/STM32CubeIDE_1.18.1/STM32CubeIDE/plugins/com.st.stm32cube.ide.mcu.externaltools.gnu-tools-for-stm32.13.3.rel1.win32_1.0.0.202411081344/tools/bin/../lib/gcc/arm-none-eabi/13.3.1/../../../../arm-none-eabi/lib/thumb/v7e-m+fp/hard\libc_nano.a(libc_a-readr.o)
                0x0800b76c                _read_r
 .text._sbrk_r  0x0800b790       0x20 C:/ST/STM32CubeIDE_1.18.1/STM32CubeIDE/plugins/com.st.stm32cube.ide.mcu.externaltools.gnu-tools-for-stm32.13.3.rel1.win32_1.0.0.202411081344/tools/bin/../lib/gcc/arm-none-eabi/13.3.1/../../../../arm-none-eabi/lib/thumb/v7e-m+fp/hard\libc_nano.a(libc_a-sbrkr.o)
                0x0800b790                _sbrk_r
 .text._write_r
                0x0800b7b0       0x24 C:/ST/STM32CubeIDE_1.18.1/STM32CubeIDE/plugins/com.st.stm32cube.ide.mcu.externaltools.gnu-tools-for-stm32.13.3.rel1.win32_1.0.0.202411081344/tools/bin/../lib/gcc/arm-none-eabi/13.3.1/../../../../arm-none-eabi/lib/thumb/v7e-m+fp/hard\libc_nano.a(libc_a-writer.o)
                0x0800b7b0                _write_r
 .text.__errno  0x0800b7d4        0xc C:/ST/STM32CubeIDE_1.18.1/STM32CubeIDE/plugins/com.st.stm32cube.ide.mcu.externaltools.gnu-tools-for-stm32.13.3.rel1.win32_1.0.0.202411081344/tools/bin/../lib/gcc/arm-none-eabi/13.3.1/../../../../arm-none-eabi/lib/thumb/v7e-m+fp/hard\libc_nano.a(libc_a-errno.o)
                0x0800b7d4                __errno
 .text.__libc_init_array
                0x0800b7e0       0x48 C:/ST/STM32CubeIDE_1.18.1/STM32CubeIDE/plugins/com.st.stm32cube.ide.mcu.externaltools.gnu-tools-for-stm32.13.3.rel1.win32_1.0.0.202411081344/tools/bin/../lib/gcc/arm-none-eabi/13.3.1/../../../../arm-none-eabi/lib/thumb/v7e-m+fp/hard\libc_nano.a(libc_a-init.o)
                0x0800b7e0                __libc_init_array
 .text.__retarget_lock_init_recursive
                0x0800b828        0x2 C:/ST/STM32CubeIDE_1.18.1/STM32CubeIDE/plugins/com.st.stm32cube.ide.mcu.externaltools.gnu-tools-for-stm32.13.3.rel1.win32_1.0.0.202411081344/tools/bin/../lib/gcc/arm-none-eabi/13.3.1/../../../../arm-none-eabi/lib/thumb/v7e-m+fp/hard\libc_nano.a(libc_a-lock.o)
                0x0800b828                __retarget_lock_init_recursive
 .text.__retarget_lock_acquire_recursive
                0x0800b82a        0x2 C:/ST/STM32CubeIDE_1.18.1/STM32CubeIDE/plugins/com.st.stm32cube.ide.mcu.externaltools.gnu-tools-for-stm32.13.3.rel1.win32_1.0.0.202411081344/tools/bin/../lib/gcc/arm-none-eabi/13.3.1/../../../../arm-none-eabi/lib/thumb/v7e-m+fp/hard\libc_nano.a(libc_a-lock.o)
                0x0800b82a                __retarget_lock_acquire_recursive
 .text.__retarget_lock_release_recursive
                0x0800b82c        0x2 C:/ST/STM32CubeIDE_1.18.1/STM32CubeIDE/plugins/com.st.stm32cube.ide.mcu.externaltools.gnu-tools-for-stm32.13.3.rel1.win32_1.0.0.202411081344/tools/bin/../lib/gcc/arm-none-eabi/13.3.1/../../../../arm-none-eabi/lib/thumb/v7e-m+fp/hard\libc_nano.a(libc_a-lock.o)
                0x0800b82c                __retarget_lock_release_recursive
 .text.memcpy   0x0800b82e       0x1c C:/ST/STM32CubeIDE_1.18.1/STM32CubeIDE/plugins/com.st.stm32cube.ide.mcu.externaltools.gnu-tools-for-stm32.13.3.rel1.win32_1.0.0.202411081344/tools/bin/../lib/gcc/arm-none-eabi/13.3.1/../../../../arm-none-eabi/lib/thumb/v7e-m+fp/hard\libc_nano.a(libc_a-memcpy-stub.o)
                0x0800b82e                memcpy
 .text.quorem   0x0800b84a      0x110 C:/ST/STM32CubeIDE_1.18.1/STM32CubeIDE/plugins/com.st.stm32cube.ide.mcu.externaltools.gnu-tools-for-stm32.13.3.rel1.win32_1.0.0.202411081344/tools/bin/../lib/gcc/arm-none-eabi/13.3.1/../../../../arm-none-eabi/lib/thumb/v7e-m+fp/hard\libc_nano.a(libc_a-dtoa.o)
 *fill*         0x0800b95a        0x6 
 .text._dtoa_r  0x0800b960      0xba0 C:/ST/STM32CubeIDE_1.18.1/STM32CubeIDE/plugins/com.st.stm32cube.ide.mcu.externaltools.gnu-tools-for-stm32.13.3.rel1.win32_1.0.0.202411081344/tools/bin/../lib/gcc/arm-none-eabi/13.3.1/../../../../arm-none-eabi/lib/thumb/v7e-m+fp/hard\libc_nano.a(libc_a-dtoa.o)
                0x0800b960                _dtoa_r
 .text._free_r  0x0800c500       0x94 C:/ST/STM32CubeIDE_1.18.1/STM32CubeIDE/plugins/com.st.stm32cube.ide.mcu.externaltools.gnu-tools-for-stm32.13.3.rel1.win32_1.0.0.202411081344/tools/bin/../lib/gcc/arm-none-eabi/13.3.1/../../../../arm-none-eabi/lib/thumb/v7e-m+fp/hard\libc_nano.a(libc_a-freer.o)
                0x0800c500                _free_r
 .text._Balloc  0x0800c594       0x80 C:/ST/STM32CubeIDE_1.18.1/STM32CubeIDE/plugins/com.st.stm32cube.ide.mcu.externaltools.gnu-tools-for-stm32.13.3.rel1.win32_1.0.0.202411081344/tools/bin/../lib/gcc/arm-none-eabi/13.3.1/../../../../arm-none-eabi/lib/thumb/v7e-m+fp/hard\libc_nano.a(libc_a-mprec.o)
                0x0800c594                _Balloc
 .text._Bfree   0x0800c614       0x44 C:/ST/STM32CubeIDE_1.18.1/STM32CubeIDE/plugins/com.st.stm32cube.ide.mcu.externaltools.gnu-tools-for-stm32.13.3.rel1.win32_1.0.0.202411081344/tools/bin/../lib/gcc/arm-none-eabi/13.3.1/../../../../arm-none-eabi/lib/thumb/v7e-m+fp/hard\libc_nano.a(libc_a-mprec.o)
                0x0800c614                _Bfree
 .text.__multadd
                0x0800c658       0x8c C:/ST/STM32CubeIDE_1.18.1/STM32CubeIDE/plugins/com.st.stm32cube.ide.mcu.externaltools.gnu-tools-for-stm32.13.3.rel1.win32_1.0.0.202411081344/tools/bin/../lib/gcc/arm-none-eabi/13.3.1/../../../../arm-none-eabi/lib/thumb/v7e-m+fp/hard\libc_nano.a(libc_a-mprec.o)
                0x0800c658                __multadd
 .text.__hi0bits
                0x0800c6e4       0x3e C:/ST/STM32CubeIDE_1.18.1/STM32CubeIDE/plugins/com.st.stm32cube.ide.mcu.externaltools.gnu-tools-for-stm32.13.3.rel1.win32_1.0.0.202411081344/tools/bin/../lib/gcc/arm-none-eabi/13.3.1/../../../../arm-none-eabi/lib/thumb/v7e-m+fp/hard\libc_nano.a(libc_a-mprec.o)
                0x0800c6e4                __hi0bits
 .text.__lo0bits
                0x0800c722       0x5a C:/ST/STM32CubeIDE_1.18.1/STM32CubeIDE/plugins/com.st.stm32cube.ide.mcu.externaltools.gnu-tools-for-stm32.13.3.rel1.win32_1.0.0.202411081344/tools/bin/../lib/gcc/arm-none-eabi/13.3.1/../../../../arm-none-eabi/lib/thumb/v7e-m+fp/hard\libc_nano.a(libc_a-mprec.o)
                0x0800c722                __lo0bits
 .text.__i2b    0x0800c77c       0x2c C:/ST/STM32CubeIDE_1.18.1/STM32CubeIDE/plugins/com.st.stm32cube.ide.mcu.externaltools.gnu-tools-for-stm32.13.3.rel1.win32_1.0.0.202411081344/tools/bin/../lib/gcc/arm-none-eabi/13.3.1/../../../../arm-none-eabi/lib/thumb/v7e-m+fp/hard\libc_nano.a(libc_a-mprec.o)
                0x0800c77c                __i2b
 .text.__multiply
                0x0800c7a8      0x144 C:/ST/STM32CubeIDE_1.18.1/STM32CubeIDE/plugins/com.st.stm32cube.ide.mcu.externaltools.gnu-tools-for-stm32.13.3.rel1.win32_1.0.0.202411081344/tools/bin/../lib/gcc/arm-none-eabi/13.3.1/../../../../arm-none-eabi/lib/thumb/v7e-m+fp/hard\libc_nano.a(libc_a-mprec.o)
                0x0800c7a8                __multiply
 .text.__pow5mult
                0x0800c8ec       0xb4 C:/ST/STM32CubeIDE_1.18.1/STM32CubeIDE/plugins/com.st.stm32cube.ide.mcu.externaltools.gnu-tools-for-stm32.13.3.rel1.win32_1.0.0.202411081344/tools/bin/../lib/gcc/arm-none-eabi/13.3.1/../../../../arm-none-eabi/lib/thumb/v7e-m+fp/hard\libc_nano.a(libc_a-mprec.o)
                0x0800c8ec                __pow5mult
 .text.__lshift
                0x0800c9a0       0xd8 C:/ST/STM32CubeIDE_1.18.1/STM32CubeIDE/plugins/com.st.stm32cube.ide.mcu.externaltools.gnu-tools-for-stm32.13.3.rel1.win32_1.0.0.202411081344/tools/bin/../lib/gcc/arm-none-eabi/13.3.1/../../../../arm-none-eabi/lib/thumb/v7e-m+fp/hard\libc_nano.a(libc_a-mprec.o)
                0x0800c9a0                __lshift
 .text.__mcmp   0x0800ca78       0x36 C:/ST/STM32CubeIDE_1.18.1/STM32CubeIDE/plugins/com.st.stm32cube.ide.mcu.externaltools.gnu-tools-for-stm32.13.3.rel1.win32_1.0.0.202411081344/tools/bin/../lib/gcc/arm-none-eabi/13.3.1/../../../../arm-none-eabi/lib/thumb/v7e-m+fp/hard\libc_nano.a(libc_a-mprec.o)
                0x0800ca78                __mcmp
 *fill*         0x0800caae        0x2 
 .text.__mdiff  0x0800cab0      0x128 C:/ST/STM32CubeIDE_1.18.1/STM32CubeIDE/plugins/com.st.stm32cube.ide.mcu.externaltools.gnu-tools-for-stm32.13.3.rel1.win32_1.0.0.202411081344/tools/bin/../lib/gcc/arm-none-eabi/13.3.1/../../../../arm-none-eabi/lib/thumb/v7e-m+fp/hard\libc_nano.a(libc_a-mprec.o)
                0x0800cab0                __mdiff
 .text.__d2b    0x0800cbd8       0xb0 C:/ST/STM32CubeIDE_1.18.1/STM32CubeIDE/plugins/com.st.stm32cube.ide.mcu.externaltools.gnu-tools-for-stm32.13.3.rel1.win32_1.0.0.202411081344/tools/bin/../lib/gcc/arm-none-eabi/13.3.1/../../../../arm-none-eabi/lib/thumb/v7e-m+fp/hard\libc_nano.a(libc_a-mprec.o)
                0x0800cbd8                __d2b
 .text._malloc_usable_size_r
                0x0800cc88       0x10 C:/ST/STM32CubeIDE_1.18.1/STM32CubeIDE/plugins/com.st.stm32cube.ide.mcu.externaltools.gnu-tools-for-stm32.13.3.rel1.win32_1.0.0.202411081344/tools/bin/../lib/gcc/arm-none-eabi/13.3.1/../../../../arm-none-eabi/lib/thumb/v7e-m+fp/hard\libc_nano.a(libc_a-msizer.o)
                0x0800cc88                _malloc_usable_size_r
 .text.__ssputs_r
                0x0800cc98       0xb6 C:/ST/STM32CubeIDE_1.18.1/STM32CubeIDE/plugins/com.st.stm32cube.ide.mcu.externaltools.gnu-tools-for-stm32.13.3.rel1.win32_1.0.0.202411081344/tools/bin/../lib/gcc/arm-none-eabi/13.3.1/../../../../arm-none-eabi/lib/thumb/v7e-m+fp/hard\libc_nano.a(libc_a-nano-svfprintf.o)
                0x0800cc98                __ssputs_r
 *fill*         0x0800cd4e        0x2 
 .text._svfprintf_r
                0x0800cd50      0x1f8 C:/ST/STM32CubeIDE_1.18.1/STM32CubeIDE/plugins/com.st.stm32cube.ide.mcu.externaltools.gnu-tools-for-stm32.13.3.rel1.win32_1.0.0.202411081344/tools/bin/../lib/gcc/arm-none-eabi/13.3.1/../../../../arm-none-eabi/lib/thumb/v7e-m+fp/hard\libc_nano.a(libc_a-nano-svfprintf.o)
                0x0800cd50                _svfiprintf_r
                0x0800cd50                _svfprintf_r
 .text.__sflush_r
                0x0800cf48      0x108 C:/ST/STM32CubeIDE_1.18.1/STM32CubeIDE/plugins/com.st.stm32cube.ide.mcu.externaltools.gnu-tools-for-stm32.13.3.rel1.win32_1.0.0.202411081344/tools/bin/../lib/gcc/arm-none-eabi/13.3.1/../../../../arm-none-eabi/lib/thumb/v7e-m+fp/hard\libc_nano.a(libc_a-fflush.o)
                0x0800cf48                __sflush_r
 .text._fflush_r
                0x0800d050       0x50 C:/ST/STM32CubeIDE_1.18.1/STM32CubeIDE/plugins/com.st.stm32cube.ide.mcu.externaltools.gnu-tools-for-stm32.13.3.rel1.win32_1.0.0.202411081344/tools/bin/../lib/gcc/arm-none-eabi/13.3.1/../../../../arm-none-eabi/lib/thumb/v7e-m+fp/hard\libc_nano.a(libc_a-fflush.o)
                0x0800d050                _fflush_r
 .text.memmove  0x0800d0a0       0x34 C:/ST/STM32CubeIDE_1.18.1/STM32CubeIDE/plugins/com.st.stm32cube.ide.mcu.externaltools.gnu-tools-for-stm32.13.3.rel1.win32_1.0.0.202411081344/tools/bin/../lib/gcc/arm-none-eabi/13.3.1/../../../../arm-none-eabi/lib/thumb/v7e-m+fp/hard\libc_nano.a(libc_a-memmove.o)
                0x0800d0a0                memmove
 .text.__assert_func
                0x0800d0d4       0x3c C:/ST/STM32CubeIDE_1.18.1/STM32CubeIDE/plugins/com.st.stm32cube.ide.mcu.externaltools.gnu-tools-for-stm32.13.3.rel1.win32_1.0.0.202411081344/tools/bin/../lib/gcc/arm-none-eabi/13.3.1/../../../../arm-none-eabi/lib/thumb/v7e-m+fp/hard\libc_nano.a(libc_a-assert.o)
                0x0800d0d4                __assert_func
 .text._calloc_r
                0x0800d110       0x28 C:/ST/STM32CubeIDE_1.18.1/STM32CubeIDE/plugins/com.st.stm32cube.ide.mcu.externaltools.gnu-tools-for-stm32.13.3.rel1.win32_1.0.0.202411081344/tools/bin/../lib/gcc/arm-none-eabi/13.3.1/../../../../arm-none-eabi/lib/thumb/v7e-m+fp/hard\libc_nano.a(libc_a-callocr.o)
                0x0800d110                _calloc_r
 .text.__ascii_mbtowc
                0x0800d138       0x24 C:/ST/STM32CubeIDE_1.18.1/STM32CubeIDE/plugins/com.st.stm32cube.ide.mcu.externaltools.gnu-tools-for-stm32.13.3.rel1.win32_1.0.0.202411081344/tools/bin/../lib/gcc/arm-none-eabi/13.3.1/../../../../arm-none-eabi/lib/thumb/v7e-m+fp/hard\libc_nano.a(libc_a-mbtowc_r.o)
                0x0800d138                __ascii_mbtowc
 .text.__ascii_wctomb
                0x0800d15c       0x1a C:/ST/STM32CubeIDE_1.18.1/STM32CubeIDE/plugins/com.st.stm32cube.ide.mcu.externaltools.gnu-tools-for-stm32.13.3.rel1.win32_1.0.0.202411081344/tools/bin/../lib/gcc/arm-none-eabi/13.3.1/../../../../arm-none-eabi/lib/thumb/v7e-m+fp/hard\libc_nano.a(libc_a-wctomb_r.o)
                0x0800d15c                __ascii_wctomb
 *fill*         0x0800d176        0x2 
 .text.fprintf  0x0800d178       0x24 C:/ST/STM32CubeIDE_1.18.1/STM32CubeIDE/plugins/com.st.stm32cube.ide.mcu.externaltools.gnu-tools-for-stm32.13.3.rel1.win32_1.0.0.202411081344/tools/bin/../lib/gcc/arm-none-eabi/13.3.1/../../../../arm-none-eabi/lib/thumb/v7e-m+fp/hard\libc_nano.a(libc_a-fprintf.o)
                0x0800d178                fiprintf
                0x0800d178                fprintf
 .text.abort    0x0800d19c        0xe C:/ST/STM32CubeIDE_1.18.1/STM32CubeIDE/plugins/com.st.stm32cube.ide.mcu.externaltools.gnu-tools-for-stm32.13.3.rel1.win32_1.0.0.202411081344/tools/bin/../lib/gcc/arm-none-eabi/13.3.1/../../../../arm-none-eabi/lib/thumb/v7e-m+fp/hard\libc_nano.a(libc_a-abort.o)
                0x0800d19c                abort
 .text.__sfputc_r
                0x0800d1aa       0x2e C:/ST/STM32CubeIDE_1.18.1/STM32CubeIDE/plugins/com.st.stm32cube.ide.mcu.externaltools.gnu-tools-for-stm32.13.3.rel1.win32_1.0.0.202411081344/tools/bin/../lib/gcc/arm-none-eabi/13.3.1/../../../../arm-none-eabi/lib/thumb/v7e-m+fp/hard\libc_nano.a(libc_a-nano-vfprintf.o)
 .text.__sfputs_r
                0x0800d1d8       0x24 C:/ST/STM32CubeIDE_1.18.1/STM32CubeIDE/plugins/com.st.stm32cube.ide.mcu.externaltools.gnu-tools-for-stm32.13.3.rel1.win32_1.0.0.202411081344/tools/bin/../lib/gcc/arm-none-eabi/13.3.1/../../../../arm-none-eabi/lib/thumb/v7e-m+fp/hard\libc_nano.a(libc_a-nano-vfprintf.o)
                0x0800d1d8                __sfputs_r
 .text._vfprintf_r
                0x0800d1fc      0x230 C:/ST/STM32CubeIDE_1.18.1/STM32CubeIDE/plugins/com.st.stm32cube.ide.mcu.externaltools.gnu-tools-for-stm32.13.3.rel1.win32_1.0.0.202411081344/tools/bin/../lib/gcc/arm-none-eabi/13.3.1/../../../../arm-none-eabi/lib/thumb/v7e-m+fp/hard\libc_nano.a(libc_a-nano-vfprintf.o)
                0x0800d1fc                _vfprintf_r
                0x0800d1fc                _vfiprintf_r
 .text.__swbuf_r
                0x0800d42c       0x7c C:/ST/STM32CubeIDE_1.18.1/STM32CubeIDE/plugins/com.st.stm32cube.ide.mcu.externaltools.gnu-tools-for-stm32.13.3.rel1.win32_1.0.0.202411081344/tools/bin/../lib/gcc/arm-none-eabi/13.3.1/../../../../arm-none-eabi/lib/thumb/v7e-m+fp/hard\libc_nano.a(libc_a-wbuf.o)
                0x0800d42c                __swbuf_r
 .text.__swsetup_r
                0x0800d4a8       0xac C:/ST/STM32CubeIDE_1.18.1/STM32CubeIDE/plugins/com.st.stm32cube.ide.mcu.externaltools.gnu-tools-for-stm32.13.3.rel1.win32_1.0.0.202411081344/tools/bin/../lib/gcc/arm-none-eabi/13.3.1/../../../../arm-none-eabi/lib/thumb/v7e-m+fp/hard\libc_nano.a(libc_a-wsetup.o)
                0x0800d4a8                __swsetup_r
 .text._raise_r
                0x0800d554       0x50 C:/ST/STM32CubeIDE_1.18.1/STM32CubeIDE/plugins/com.st.stm32cube.ide.mcu.externaltools.gnu-tools-for-stm32.13.3.rel1.win32_1.0.0.202411081344/tools/bin/../lib/gcc/arm-none-eabi/13.3.1/../../../../arm-none-eabi/lib/thumb/v7e-m+fp/hard\libc_nano.a(libc_a-signal.o)
                0x0800d554                _raise_r
 .text.raise    0x0800d5a4       0x10 C:/ST/STM32CubeIDE_1.18.1/STM32CubeIDE/plugins/com.st.stm32cube.ide.mcu.externaltools.gnu-tools-for-stm32.13.3.rel1.win32_1.0.0.202411081344/tools/bin/../lib/gcc/arm-none-eabi/13.3.1/../../../../arm-none-eabi/lib/thumb/v7e-m+fp/hard\libc_nano.a(libc_a-signal.o)
                0x0800d5a4                raise
 .text._kill_r  0x0800d5b4       0x24 C:/ST/STM32CubeIDE_1.18.1/STM32CubeIDE/plugins/com.st.stm32cube.ide.mcu.externaltools.gnu-tools-for-stm32.13.3.rel1.win32_1.0.0.202411081344/tools/bin/../lib/gcc/arm-none-eabi/13.3.1/../../../../arm-none-eabi/lib/thumb/v7e-m+fp/hard\libc_nano.a(libc_a-signalr.o)
                0x0800d5b4                _kill_r
 .text._getpid_r
                0x0800d5d8        0x4 C:/ST/STM32CubeIDE_1.18.1/STM32CubeIDE/plugins/com.st.stm32cube.ide.mcu.externaltools.gnu-tools-for-stm32.13.3.rel1.win32_1.0.0.202411081344/tools/bin/../lib/gcc/arm-none-eabi/13.3.1/../../../../arm-none-eabi/lib/thumb/v7e-m+fp/hard\libc_nano.a(libc_a-signalr.o)
                0x0800d5d8                _getpid_r
 .text.__swhatbuf_r
                0x0800d5dc       0x4c C:/ST/STM32CubeIDE_1.18.1/STM32CubeIDE/plugins/com.st.stm32cube.ide.mcu.externaltools.gnu-tools-for-stm32.13.3.rel1.win32_1.0.0.202411081344/tools/bin/../lib/gcc/arm-none-eabi/13.3.1/../../../../arm-none-eabi/lib/thumb/v7e-m+fp/hard\libc_nano.a(libc_a-makebuf.o)
                0x0800d5dc                __swhatbuf_r
 .text.__smakebuf_r
                0x0800d628       0x78 C:/ST/STM32CubeIDE_1.18.1/STM32CubeIDE/plugins/com.st.stm32cube.ide.mcu.externaltools.gnu-tools-for-stm32.13.3.rel1.win32_1.0.0.202411081344/tools/bin/../lib/gcc/arm-none-eabi/13.3.1/../../../../arm-none-eabi/lib/thumb/v7e-m+fp/hard\libc_nano.a(libc_a-makebuf.o)
                0x0800d628                __smakebuf_r
 .text._fstat_r
                0x0800d6a0       0x24 C:/ST/STM32CubeIDE_1.18.1/STM32CubeIDE/plugins/com.st.stm32cube.ide.mcu.externaltools.gnu-tools-for-stm32.13.3.rel1.win32_1.0.0.202411081344/tools/bin/../lib/gcc/arm-none-eabi/13.3.1/../../../../arm-none-eabi/lib/thumb/v7e-m+fp/hard\libc_nano.a(libc_a-fstatr.o)
                0x0800d6a0                _fstat_r
 .text._isatty_r
                0x0800d6c4       0x20 C:/ST/STM32CubeIDE_1.18.1/STM32CubeIDE/plugins/com.st.stm32cube.ide.mcu.externaltools.gnu-tools-for-stm32.13.3.rel1.win32_1.0.0.202411081344/tools/bin/../lib/gcc/arm-none-eabi/13.3.1/../../../../arm-none-eabi/lib/thumb/v7e-m+fp/hard\libc_nano.a(libc_a-isattyr.o)
                0x0800d6c4                _isatty_r
 .text._close   0x0800d6e4       0x10 C:/ST/STM32CubeIDE_1.18.1/STM32CubeIDE/plugins/com.st.stm32cube.ide.mcu.externaltools.gnu-tools-for-stm32.13.3.rel1.win32_1.0.0.202411081344/tools/bin/../lib/gcc/arm-none-eabi/13.3.1/../../../../arm-none-eabi/lib/thumb/v7e-m+fp/hard\libnosys.a(close.o)
                0x0800d6e4                _close
 .text._fstat   0x0800d6f4       0x10 C:/ST/STM32CubeIDE_1.18.1/STM32CubeIDE/plugins/com.st.stm32cube.ide.mcu.externaltools.gnu-tools-for-stm32.13.3.rel1.win32_1.0.0.202411081344/tools/bin/../lib/gcc/arm-none-eabi/13.3.1/../../../../arm-none-eabi/lib/thumb/v7e-m+fp/hard\libnosys.a(fstat.o)
                0x0800d6f4                _fstat
 .text._getpid  0x0800d704       0x10 C:/ST/STM32CubeIDE_1.18.1/STM32CubeIDE/plugins/com.st.stm32cube.ide.mcu.externaltools.gnu-tools-for-stm32.13.3.rel1.win32_1.0.0.202411081344/tools/bin/../lib/gcc/arm-none-eabi/13.3.1/../../../../arm-none-eabi/lib/thumb/v7e-m+fp/hard\libnosys.a(getpid.o)
                0x0800d704                _getpid
 .text._isatty  0x0800d714       0x10 C:/ST/STM32CubeIDE_1.18.1/STM32CubeIDE/plugins/com.st.stm32cube.ide.mcu.externaltools.gnu-tools-for-stm32.13.3.rel1.win32_1.0.0.202411081344/tools/bin/../lib/gcc/arm-none-eabi/13.3.1/../../../../arm-none-eabi/lib/thumb/v7e-m+fp/hard\libnosys.a(isatty.o)
                0x0800d714                _isatty
 .text._kill    0x0800d724       0x10 C:/ST/STM32CubeIDE_1.18.1/STM32CubeIDE/plugins/com.st.stm32cube.ide.mcu.externaltools.gnu-tools-for-stm32.13.3.rel1.win32_1.0.0.202411081344/tools/bin/../lib/gcc/arm-none-eabi/13.3.1/../../../../arm-none-eabi/lib/thumb/v7e-m+fp/hard\libnosys.a(kill.o)
                0x0800d724                _kill
 .text._lseek   0x0800d734       0x10 C:/ST/STM32CubeIDE_1.18.1/STM32CubeIDE/plugins/com.st.stm32cube.ide.mcu.externaltools.gnu-tools-for-stm32.13.3.rel1.win32_1.0.0.202411081344/tools/bin/../lib/gcc/arm-none-eabi/13.3.1/../../../../arm-none-eabi/lib/thumb/v7e-m+fp/hard\libnosys.a(lseek.o)
                0x0800d734                _lseek
 .text._read    0x0800d744       0x10 C:/ST/STM32CubeIDE_1.18.1/STM32CubeIDE/plugins/com.st.stm32cube.ide.mcu.externaltools.gnu-tools-for-stm32.13.3.rel1.win32_1.0.0.202411081344/tools/bin/../lib/gcc/arm-none-eabi/13.3.1/../../../../arm-none-eabi/lib/thumb/v7e-m+fp/hard\libnosys.a(read.o)
                0x0800d744                _read
 .text._write   0x0800d754       0x10 C:/ST/STM32CubeIDE_1.18.1/STM32CubeIDE/plugins/com.st.stm32cube.ide.mcu.externaltools.gnu-tools-for-stm32.13.3.rel1.win32_1.0.0.202411081344/tools/bin/../lib/gcc/arm-none-eabi/13.3.1/../../../../arm-none-eabi/lib/thumb/v7e-m+fp/hard\libnosys.a(write.o)
                0x0800d754                _write
 .text._exit    0x0800d764        0x2 C:/ST/STM32CubeIDE_1.18.1/STM32CubeIDE/plugins/com.st.stm32cube.ide.mcu.externaltools.gnu-tools-for-stm32.13.3.rel1.win32_1.0.0.202411081344/tools/bin/../lib/gcc/arm-none-eabi/13.3.1/../../../../arm-none-eabi/lib/thumb/v7e-m+fp/hard\libnosys.a(_exit.o)
                0x0800d764                _exit
 *(.glue_7)
 .glue_7        0x0800d766        0x0 linker stubs
 *(.glue_7t)
 .glue_7t       0x0800d766        0x0 linker stubs
 *(.eh_frame)
 *fill*         0x0800d766        0x2 
 .eh_frame      0x0800d768        0x0 C:/ST/STM32CubeIDE_1.18.1/STM32CubeIDE/plugins/com.st.stm32cube.ide.mcu.externaltools.gnu-tools-for-stm32.13.3.rel1.win32_1.0.0.202411081344/tools/bin/../lib/gcc/arm-none-eabi/13.3.1/thumb/v7e-m+fp/hard/crtbegin.o
 *(.init)
 .init          0x0800d768        0x4 C:/ST/STM32CubeIDE_1.18.1/STM32CubeIDE/plugins/com.st.stm32cube.ide.mcu.externaltools.gnu-tools-for-stm32.13.3.rel1.win32_1.0.0.202411081344/tools/bin/../lib/gcc/arm-none-eabi/13.3.1/thumb/v7e-m+fp/hard/crti.o
                0x0800d768                _init
 .init          0x0800d76c        0x8 C:/ST/STM32CubeIDE_1.18.1/STM32CubeIDE/plugins/com.st.stm32cube.ide.mcu.externaltools.gnu-tools-for-stm32.13.3.rel1.win32_1.0.0.202411081344/tools/bin/../lib/gcc/arm-none-eabi/13.3.1/thumb/v7e-m+fp/hard/crtn.o
 *(.fini)
 .fini          0x0800d774        0x4 C:/ST/STM32CubeIDE_1.18.1/STM32CubeIDE/plugins/com.st.stm32cube.ide.mcu.externaltools.gnu-tools-for-stm32.13.3.rel1.win32_1.0.0.202411081344/tools/bin/../lib/gcc/arm-none-eabi/13.3.1/thumb/v7e-m+fp/hard/crti.o
                0x0800d774                _fini
 .fini          0x0800d778        0x8 C:/ST/STM32CubeIDE_1.18.1/STM32CubeIDE/plugins/com.st.stm32cube.ide.mcu.externaltools.gnu-tools-for-stm32.13.3.rel1.win32_1.0.0.202411081344/tools/bin/../lib/gcc/arm-none-eabi/13.3.1/thumb/v7e-m+fp/hard/crtn.o
                0x0800d780                        . = ALIGN (0x4)
                0x0800d780                        _etext = .

.vfp11_veneer   0x0800d780        0x0
 .vfp11_veneer  0x0800d780        0x0 linker stubs

.v4_bx          0x0800d780        0x0
 .v4_bx         0x0800d780        0x0 linker stubs

.iplt           0x0800d780        0x0
 .iplt          0x0800d780        0x0 C:/ST/STM32CubeIDE_1.18.1/STM32CubeIDE/plugins/com.st.stm32cube.ide.mcu.externaltools.gnu-tools-for-stm32.13.3.rel1.win32_1.0.0.202411081344/tools/bin/../lib/gcc/arm-none-eabi/13.3.1/thumb/v7e-m+fp/hard/crtbegin.o

.rodata         0x0800d780      0x78c
                0x0800d780                        . = ALIGN (0x4)
 *(.rodata)
 .rodata        0x0800d780       0x2e ./Core/Src/accelerometer.o
 *fill*         0x0800d7ae        0x2 
 .rodata        0x0800d7b0       0xac ./Core/Src/main.o
 .rodata        0x0800d85c        0xd ./Core/Src/uart.o
 *fill*         0x0800d869        0x3 
 .rodata        0x0800d86c       0xb0 ./Core/Src/workout_inference.o
 .rodata        0x0800d91c       0x30 ./X-CUBE-AI/App/network_data.o
 *(.rodata*)
 .rodata.AHBPrescTable
                0x0800d94c       0x10 ./Core/Src/system_stm32f4xx.o
                0x0800d94c                AHBPrescTable
 .rodata.APBPrescTable
                0x0800d95c        0x8 ./Core/Src/system_stm32f4xx.o
                0x0800d95c                APBPrescTable
 .rodata.__compound_literal.0
                0x0800d964        0x4 ./X-CUBE-AI/App/network.o
 .rodata.__compound_literal.1
                0x0800d968        0x1 ./X-CUBE-AI/App/network.o
 *fill*         0x0800d969        0x3 
 .rodata.__compound_literal.2
                0x0800d96c        0x8 ./X-CUBE-AI/App/network.o
 .rodata.conv2d_2_output_array_intq
                0x0800d974        0x8 ./X-CUBE-AI/App/network.o
 .rodata.__compound_literal.3
                0x0800d97c        0xc ./X-CUBE-AI/App/network.o
 .rodata.__compound_literal.4
                0x0800d988        0x3 ./X-CUBE-AI/App/network.o
 *fill*         0x0800d98b        0x1 
 .rodata.__compound_literal.5
                0x0800d98c        0x8 ./X-CUBE-AI/App/network.o
 .rodata.conv2d_2_weights_array_intq
                0x0800d994        0x8 ./X-CUBE-AI/App/network.o
 .rodata.__compound_literal.6
                0x0800d99c        0x4 ./X-CUBE-AI/App/network.o
 .rodata.__compound_literal.7
                0x0800d9a0        0x1 ./X-CUBE-AI/App/network.o
 *fill*         0x0800d9a1        0x3 
 .rodata.__compound_literal.8
                0x0800d9a4        0x8 ./X-CUBE-AI/App/network.o
 .rodata.conv2d_3_output_array_intq
                0x0800d9ac        0x8 ./X-CUBE-AI/App/network.o
 .rodata.__compound_literal.9
                0x0800d9b4       0x20 ./X-CUBE-AI/App/network.o
 .rodata.__compound_literal.10
                0x0800d9d4        0x8 ./X-CUBE-AI/App/network.o
 .rodata.__compound_literal.11
                0x0800d9dc        0x8 ./X-CUBE-AI/App/network.o
 .rodata.conv2d_3_weights_array_intq
                0x0800d9e4        0x8 ./X-CUBE-AI/App/network.o
 .rodata.__compound_literal.12
                0x0800d9ec        0x4 ./X-CUBE-AI/App/network.o
 .rodata.__compound_literal.13
                0x0800d9f0        0x1 ./X-CUBE-AI/App/network.o
 *fill*         0x0800d9f1        0x3 
 .rodata.__compound_literal.14
                0x0800d9f4        0x8 ./X-CUBE-AI/App/network.o
 .rodata.conversion_0_output_array_intq
                0x0800d9fc        0x8 ./X-CUBE-AI/App/network.o
 .rodata.__compound_literal.15
                0x0800da04        0x4 ./X-CUBE-AI/App/network.o
 .rodata.__compound_literal.16
                0x0800da08        0x1 ./X-CUBE-AI/App/network.o
 *fill*         0x0800da09        0x3 
 .rodata.__compound_literal.17
                0x0800da0c        0x8 ./X-CUBE-AI/App/network.o
 .rodata.conversion_10_output_array_intq
                0x0800da14        0x8 ./X-CUBE-AI/App/network.o
 .rodata.__compound_literal.18
                0x0800da1c        0x4 ./X-CUBE-AI/App/network.o
 .rodata.__compound_literal.19
                0x0800da20        0x1 ./X-CUBE-AI/App/network.o
 *fill*         0x0800da21        0x3 
 .rodata.__compound_literal.20
                0x0800da24        0x8 ./X-CUBE-AI/App/network.o
 .rodata.gemm_9_output_array_intq
                0x0800da2c        0x8 ./X-CUBE-AI/App/network.o
 .rodata.__compound_literal.21
                0x0800da34       0x18 ./X-CUBE-AI/App/network.o
 .rodata.__compound_literal.22
                0x0800da4c        0x6 ./X-CUBE-AI/App/network.o
 *fill*         0x0800da52        0x2 
 .rodata.__compound_literal.23
                0x0800da54        0x8 ./X-CUBE-AI/App/network.o
 .rodata.gemm_9_weights_array_intq
                0x0800da5c        0x8 ./X-CUBE-AI/App/network.o
 .rodata.__compound_literal.24
                0x0800da64        0x4 ./X-CUBE-AI/App/network.o
 .rodata.__compound_literal.25
                0x0800da68        0x1 ./X-CUBE-AI/App/network.o
 *fill*         0x0800da69        0x3 
 .rodata.__compound_literal.26
                0x0800da6c        0x8 ./X-CUBE-AI/App/network.o
 .rodata.pool_6_output_array_intq
                0x0800da74        0x8 ./X-CUBE-AI/App/network.o
 .rodata.__compound_literal.27
                0x0800da7c        0x4 ./X-CUBE-AI/App/network.o
 .rodata.__compound_literal.28
                0x0800da80        0x1 ./X-CUBE-AI/App/network.o
 *fill*         0x0800da81        0x3 
 .rodata.__compound_literal.29
                0x0800da84        0x8 ./X-CUBE-AI/App/network.o
 .rodata.pool_8_output_array_intq
                0x0800da8c        0x8 ./X-CUBE-AI/App/network.o
 .rodata.__compound_literal.30
                0x0800da94        0x4 ./X-CUBE-AI/App/network.o
 .rodata.__compound_literal.31
                0x0800da98        0x1 ./X-CUBE-AI/App/network.o
 *fill*         0x0800da99        0x3 
 .rodata.__compound_literal.32
                0x0800da9c        0x8 ./X-CUBE-AI/App/network.o
 .rodata.serving_default_keras_tensor0_output_array_intq
                0x0800daa4        0x8 ./X-CUBE-AI/App/network.o
 .rodata.conversion_10_chain
                0x0800daac        0x8 ./X-CUBE-AI/App/network.o
 .rodata.gemm_9_chain
                0x0800dab4        0x8 ./X-CUBE-AI/App/network.o
 .rodata.pool_8_chain
                0x0800dabc        0x8 ./X-CUBE-AI/App/network.o
 .rodata.pool_6_chain
                0x0800dac4        0x8 ./X-CUBE-AI/App/network.o
 .rodata.conv2d_3_chain
                0x0800dacc        0x8 ./X-CUBE-AI/App/network.o
 .rodata.conv2d_2_chain
                0x0800dad4        0x8 ./X-CUBE-AI/App/network.o
 .rodata.conversion_0_chain
                0x0800dadc        0x8 ./X-CUBE-AI/App/network.o
 *fill*         0x0800dae4       0x1c 
 .rodata.s_network_weights_array_u64
                0x0800db00       0x98 ./X-CUBE-AI/App/network_data_params.o
                0x0800db00                s_network_weights_array_u64
 .rodata._printf_float.str1.1
                0x0800db98      0x171 C:/ST/STM32CubeIDE_1.18.1/STM32CubeIDE/plugins/com.st.stm32cube.ide.mcu.externaltools.gnu-tools-for-stm32.13.3.rel1.win32_1.0.0.202411081344/tools/bin/../lib/gcc/arm-none-eabi/13.3.1/../../../../arm-none-eabi/lib/thumb/v7e-m+fp/hard\libc_nano.a(libc_a-nano-vfprintf_float.o)
                                 0x12 (size before relaxing)
 .rodata._printf_i.str1.1
                0x0800dd09       0x22 C:/ST/STM32CubeIDE_1.18.1/STM32CubeIDE/plugins/com.st.stm32cube.ide.mcu.externaltools.gnu-tools-for-stm32.13.3.rel1.win32_1.0.0.202411081344/tools/bin/../lib/gcc/arm-none-eabi/13.3.1/../../../../arm-none-eabi/lib/thumb/v7e-m+fp/hard\libc_nano.a(libc_a-nano-vfprintf_i.o)
 .rodata._dtoa_r.str1.1
                0x0800dd09       0x8f C:/ST/STM32CubeIDE_1.18.1/STM32CubeIDE/plugins/com.st.stm32cube.ide.mcu.externaltools.gnu-tools-for-stm32.13.3.rel1.win32_1.0.0.202411081344/tools/bin/../lib/gcc/arm-none-eabi/13.3.1/../../../../arm-none-eabi/lib/thumb/v7e-m+fp/hard\libc_nano.a(libc_a-dtoa.o)
 .rodata._Balloc.str1.1
                0x0800dd09       0x70 C:/ST/STM32CubeIDE_1.18.1/STM32CubeIDE/plugins/com.st.stm32cube.ide.mcu.externaltools.gnu-tools-for-stm32.13.3.rel1.win32_1.0.0.202411081344/tools/bin/../lib/gcc/arm-none-eabi/13.3.1/../../../../arm-none-eabi/lib/thumb/v7e-m+fp/hard\libc_nano.a(libc_a-mprec.o)
 .rodata.__multadd.str1.1
                0x0800dd09       0x11 C:/ST/STM32CubeIDE_1.18.1/STM32CubeIDE/plugins/com.st.stm32cube.ide.mcu.externaltools.gnu-tools-for-stm32.13.3.rel1.win32_1.0.0.202411081344/tools/bin/../lib/gcc/arm-none-eabi/13.3.1/../../../../arm-none-eabi/lib/thumb/v7e-m+fp/hard\libc_nano.a(libc_a-mprec.o)
 *fill*         0x0800dd09        0x3 
 .rodata.p05.0  0x0800dd0c        0xc C:/ST/STM32CubeIDE_1.18.1/STM32CubeIDE/plugins/com.st.stm32cube.ide.mcu.externaltools.gnu-tools-for-stm32.13.3.rel1.win32_1.0.0.202411081344/tools/bin/../lib/gcc/arm-none-eabi/13.3.1/../../../../arm-none-eabi/lib/thumb/v7e-m+fp/hard\libc_nano.a(libc_a-mprec.o)
 .rodata.__mprec_bigtens
                0x0800dd18       0x28 C:/ST/STM32CubeIDE_1.18.1/STM32CubeIDE/plugins/com.st.stm32cube.ide.mcu.externaltools.gnu-tools-for-stm32.13.3.rel1.win32_1.0.0.202411081344/tools/bin/../lib/gcc/arm-none-eabi/13.3.1/../../../../arm-none-eabi/lib/thumb/v7e-m+fp/hard\libc_nano.a(libc_a-mprec.o)
                0x0800dd18                __mprec_bigtens
 .rodata.__mprec_tens
                0x0800dd40       0xc8 C:/ST/STM32CubeIDE_1.18.1/STM32CubeIDE/plugins/com.st.stm32cube.ide.mcu.externaltools.gnu-tools-for-stm32.13.3.rel1.win32_1.0.0.202411081344/tools/bin/../lib/gcc/arm-none-eabi/13.3.1/../../../../arm-none-eabi/lib/thumb/v7e-m+fp/hard\libc_nano.a(libc_a-mprec.o)
                0x0800dd40                __mprec_tens
 .rodata._svfprintf_r.str1.1
                0x0800de08       0x11 C:/ST/STM32CubeIDE_1.18.1/STM32CubeIDE/plugins/com.st.stm32cube.ide.mcu.externaltools.gnu-tools-for-stm32.13.3.rel1.win32_1.0.0.202411081344/tools/bin/../lib/gcc/arm-none-eabi/13.3.1/../../../../arm-none-eabi/lib/thumb/v7e-m+fp/hard\libc_nano.a(libc_a-nano-svfprintf.o)
 .rodata._setlocale_r.str1.1
                0x0800de08        0x9 C:/ST/STM32CubeIDE_1.18.1/STM32CubeIDE/plugins/com.st.stm32cube.ide.mcu.externaltools.gnu-tools-for-stm32.13.3.rel1.win32_1.0.0.202411081344/tools/bin/../lib/gcc/arm-none-eabi/13.3.1/../../../../arm-none-eabi/lib/thumb/v7e-m+fp/hard\libc_nano.a(libc_a-locale.o)
 .rodata.str1.1
                0x0800de08        0x2 C:/ST/STM32CubeIDE_1.18.1/STM32CubeIDE/plugins/com.st.stm32cube.ide.mcu.externaltools.gnu-tools-for-stm32.13.3.rel1.win32_1.0.0.202411081344/tools/bin/../lib/gcc/arm-none-eabi/13.3.1/../../../../arm-none-eabi/lib/thumb/v7e-m+fp/hard\libc_nano.a(libc_a-locale.o)
 .rodata.__assert_func.str1.1
                0x0800de08       0x3d C:/ST/STM32CubeIDE_1.18.1/STM32CubeIDE/plugins/com.st.stm32cube.ide.mcu.externaltools.gnu-tools-for-stm32.13.3.rel1.win32_1.0.0.202411081344/tools/bin/../lib/gcc/arm-none-eabi/13.3.1/../../../../arm-none-eabi/lib/thumb/v7e-m+fp/hard\libc_nano.a(libc_a-assert.o)
 .rodata._ctype_
                0x0800de08      0x101 C:/ST/STM32CubeIDE_1.18.1/STM32CubeIDE/plugins/com.st.stm32cube.ide.mcu.externaltools.gnu-tools-for-stm32.13.3.rel1.win32_1.0.0.202411081344/tools/bin/../lib/gcc/arm-none-eabi/13.3.1/../../../../arm-none-eabi/lib/thumb/v7e-m+fp/hard\libc_nano.a(libc_a-ctype_.o)
                0x0800de08                _ctype_
 .rodata._vfprintf_r.str1.1
                0x0800df09       0x11 C:/ST/STM32CubeIDE_1.18.1/STM32CubeIDE/plugins/com.st.stm32cube.ide.mcu.externaltools.gnu-tools-for-stm32.13.3.rel1.win32_1.0.0.202411081344/tools/bin/../lib/gcc/arm-none-eabi/13.3.1/../../../../arm-none-eabi/lib/thumb/v7e-m+fp/hard\libc_nano.a(libc_a-nano-vfprintf.o)
                0x0800df1c                        . = ALIGN (0x4)
 *fill*         0x0800df09        0x3 

.ARM.extab      0x0800df0c        0x0
                0x0800df0c                        . = ALIGN (0x4)
 *(.ARM.extab* .gnu.linkonce.armextab.*)
                0x0800df0c                        . = ALIGN (0x4)

.ARM            0x0800df0c        0x8
                0x0800df0c                        . = ALIGN (0x4)
                0x0800df0c                        __exidx_start = .
 *(.ARM.exidx*)
 .ARM.exidx     0x0800df0c        0x8 C:/ST/STM32CubeIDE_1.18.1/STM32CubeIDE/plugins/com.st.stm32cube.ide.mcu.externaltools.gnu-tools-for-stm32.13.3.rel1.win32_1.0.0.202411081344/tools/bin/../lib/gcc/arm-none-eabi/13.3.1/../../../../arm-none-eabi/lib/thumb/v7e-m+fp/hard\libc_nano.a(libc_a-memchr.o)
 .ARM.exidx     0x0800df14        0x0 C:/ST/STM32CubeIDE_1.18.1/STM32CubeIDE/plugins/com.st.stm32cube.ide.mcu.externaltools.gnu-tools-for-stm32.13.3.rel1.win32_1.0.0.202411081344/tools/bin/../lib/gcc/arm-none-eabi/13.3.1/../../../../arm-none-eabi/lib/thumb/v7e-m+fp/hard\libc_nano.a(libc_a-strlen.o)
                                  0x8 (size before relaxing)
 .ARM.exidx     0x0800df14        0x0 C:/ST/STM32CubeIDE_1.18.1/STM32CubeIDE/plugins/com.st.stm32cube.ide.mcu.externaltools.gnu-tools-for-stm32.13.3.rel1.win32_1.0.0.202411081344/tools/bin/../lib/gcc/arm-none-eabi/13.3.1/thumb/v7e-m+fp/hard\libgcc.a(_udivmoddi4.o)
                                  0x8 (size before relaxing)
                0x0800df14                        __exidx_end = .
                0x0800df14                        . = ALIGN (0x4)

.preinit_array  0x0800df14        0x0
                0x0800df14                        . = ALIGN (0x4)
                0x0800df14                        PROVIDE (__preinit_array_start = .)
 *(.preinit_array*)
                0x0800df14                        PROVIDE (__preinit_array_end = .)
                0x0800df14                        . = ALIGN (0x4)

.init_array     0x0800df14        0x4
                0x0800df14                        . = ALIGN (0x4)
                0x0800df14                        PROVIDE (__init_array_start = .)
 *(SORT_BY_NAME(.init_array.*))
 *(.init_array*)
 .init_array    0x0800df14        0x4 C:/ST/STM32CubeIDE_1.18.1/STM32CubeIDE/plugins/com.st.stm32cube.ide.mcu.externaltools.gnu-tools-for-stm32.13.3.rel1.win32_1.0.0.202411081344/tools/bin/../lib/gcc/arm-none-eabi/13.3.1/thumb/v7e-m+fp/hard/crtbegin.o
                0x0800df18                        PROVIDE (__init_array_end = .)
                0x0800df18                        . = ALIGN (0x4)

.fini_array     0x0800df18        0x4
                0x0800df18                        . = ALIGN (0x4)
                [!provide]                        PROVIDE (__fini_array_start = .)
 *(SORT_BY_NAME(.fini_array.*))
 *(.fini_array*)
 .fini_array    0x0800df18        0x4 C:/ST/STM32CubeIDE_1.18.1/STM32CubeIDE/plugins/com.st.stm32cube.ide.mcu.externaltools.gnu-tools-for-stm32.13.3.rel1.win32_1.0.0.202411081344/tools/bin/../lib/gcc/arm-none-eabi/13.3.1/thumb/v7e-m+fp/hard/crtbegin.o
                [!provide]                        PROVIDE (__fini_array_end = .)
                0x0800df1c                        . = ALIGN (0x4)
                0x0800df1c                        _sidata = LOADADDR (.data)

.rel.dyn        0x0800df1c        0x0
 .rel.iplt      0x0800df1c        0x0 C:/ST/STM32CubeIDE_1.18.1/STM32CubeIDE/plugins/com.st.stm32cube.ide.mcu.externaltools.gnu-tools-for-stm32.13.3.rel1.win32_1.0.0.202411081344/tools/bin/../lib/gcc/arm-none-eabi/13.3.1/thumb/v7e-m+fp/hard/crtbegin.o

.data           0x20000000      0xbc8 load address 0x0800df1c
                0x20000000                        . = ALIGN (0x4)
                0x20000000                        _sdata = .
 *(.data)
 *(.data*)
 .data.SystemCoreClock
                0x20000000        0x4 ./Core/Src/system_stm32f4xx.o
                0x20000000                SystemCoreClock
 .data.workout_names
                0x20000004       0x18 ./Core/Src/workout_inference.o
 .data.uwTickPrio
                0x2000001c        0x4 ./Drivers/STM32F4xx_HAL_Driver/Src/stm32f4xx_hal.o
                0x2000001c                uwTickPrio
 .data.uwTickFreq
                0x20000020        0x1 ./Drivers/STM32F4xx_HAL_Driver/Src/stm32f4xx_hal.o
                0x20000020                uwTickFreq
 *fill*         0x20000021        0x3 
 .data.serving_default_keras_tensor0_output_array
                0x20000024       0x10 ./X-CUBE-AI/App/network.o
 .data.conversion_0_output_array
                0x20000034       0x10 ./X-CUBE-AI/App/network.o
 .data.conv2d_2_output_array